Archive member included to satisfy reference by file (symbol)

E:\VS\ch583_pcb\SRC\StdPeriphDriver\libISP583.a(ISP583.o)
                              ./StdPeriphDriver/CH58x_flash.o (FLASH_EEPROM_CMD)
E:\VS\ch583_pcb\BLE\LIB\libCH58xBLE.a(message.o)
                              ./Profile/hiddev.o (tmos_msg_deallocate)
E:\VS\ch583_pcb\BLE\LIB\libCH58xBLE.a(tmos.o)
                              E:\VS\ch583_pcb\BLE\LIB\libCH58xBLE.a(message.o) (gTmosPara)
E:\VS\ch583_pcb\BLE\LIB\libCH58xBLE.a(tmos_hw.o)
                              E:\VS\ch583_pcb\BLE\LIB\libCH58xBLE.a(tmos.o) (fnGetClockCBs)
E:\VS\ch583_pcb\BLE\LIB\libCH58xBLE.a(tmos_snv.o)
                              E:\VS\ch583_pcb\BLE\LIB\libCH58xBLE.a(tmos.o) (tmos_snv_init)
E:\VS\ch583_pcb\BLE\LIB\libCH58xBLE.a(gap.o)
                              ./Profile/hiddev.o (GAP_SetParamValue)
E:\VS\ch583_pcb\BLE\LIB\libCH58xBLE.a(gap_central.o)
                              E:\VS\ch583_pcb\BLE\LIB\libCH58xBLE.a(gap.o) (gapProcessPeriodicAdvertisingSyncEstablishedEvt)
E:\VS\ch583_pcb\BLE\LIB\libCH58xBLE.a(gap_peripheral.o)
                              ./APP/hidmouse.o (GAP_ConfigDeviceAddr)
E:\VS\ch583_pcb\BLE\LIB\libCH58xBLE.a(gapgattserver.o)
                              ./APP/hidmouse.o (GGS_SetParameter)
E:\VS\ch583_pcb\BLE\LIB\libCH58xBLE.a(gatt.o)
                              ./Profile/battservice.o (GATT_bm_alloc)
E:\VS\ch583_pcb\BLE\LIB\libCH58xBLE.a(gatt_uuid.o)
                              ./Profile/battservice.o (reportRefUUID)
E:\VS\ch583_pcb\BLE\LIB\libCH58xBLE.a(gattclientapp.o)
                              E:\VS\ch583_pcb\BLE\LIB\libCH58xBLE.a(gatt.o) (gattGetClientStatus)
E:\VS\ch583_pcb\BLE\LIB\libCH58xBLE.a(gattservapp.o)
                              ./Profile/battservice.o (GATTServApp_ReadCharCfg)
E:\VS\ch583_pcb\BLE\LIB\libCH58xBLE.a(l2cap.o)
                              E:\VS\ch583_pcb\BLE\LIB\libCH58xBLE.a(gatt.o) (L2CAP_GetMTU)
E:\VS\ch583_pcb\BLE\LIB\libCH58xBLE.a(l2cap_input.o)
                              E:\VS\ch583_pcb\BLE\LIB\libCH58xBLE.a(l2cap.o) (l2capProcessRxData)
E:\VS\ch583_pcb\BLE\LIB\libCH58xBLE.a(l2cap_output.o)
                              E:\VS\ch583_pcb\BLE\LIB\libCH58xBLE.a(l2cap_input.o) (l2capNotifyData)
E:\VS\ch583_pcb\BLE\LIB\libCH58xBLE.a(l2cap_sdu.o)
                              E:\VS\ch583_pcb\BLE\LIB\libCH58xBLE.a(l2cap_input.o) (l2capBuildDisconnectRsp)
E:\VS\ch583_pcb\BLE\LIB\libCH58xBLE.a(linkdb.o)
                              E:\VS\ch583_pcb\BLE\LIB\libCH58xBLE.a(l2cap.o) (linkDB_Init)
E:\VS\ch583_pcb\BLE\LIB\libCH58xBLE.a(sm.o)
                              E:\VS\ch583_pcb\BLE\LIB\libCH58xBLE.a(gap.o) (smFreePairingParams)
E:\VS\ch583_pcb\BLE\LIB\libCH58xBLE.a(sm_initiator.o)
                              E:\VS\ch583_pcb\BLE\LIB\libCH58xBLE.a(sm.o) (smInitiatorSendNextKeyInfo)
E:\VS\ch583_pcb\BLE\LIB\libCH58xBLE.a(sm_pdu.o)
                              E:\VS\ch583_pcb\BLE\LIB\libCH58xBLE.a(sm.o) (smpBuildPairingReq)
E:\VS\ch583_pcb\BLE\LIB\libCH58xBLE.a(sm_responding.o)
                              E:\VS\ch583_pcb\BLE\LIB\libCH58xBLE.a(sm.o) (smResponderSendNextKeyInfo)
E:\VS\ch583_pcb\BLE\LIB\libCH58xBLE.a(sm_toolbox.o)
                              E:\VS\ch583_pcb\BLE\LIB\libCH58xBLE.a(sm.o) (sm_ah)
E:\VS\ch583_pcb\BLE\LIB\libCH58xBLE.a(host_input.o)
                              E:\VS\ch583_pcb\BLE\LIB\libCH58xBLE.a(gap.o) (gBleHostPara)
E:\VS\ch583_pcb\BLE\LIB\libCH58xBLE.a(host_output.o)
                              E:\VS\ch583_pcb\BLE\LIB\libCH58xBLE.a(gap.o) (HCI_DisconnectCmd)
E:\VS\ch583_pcb\BLE\LIB\libCH58xBLE.a(ll_connect.o)
                              E:\VS\ch583_pcb\BLE\LIB\libCH58xBLE.a(tmos.o) (LL_GetNextConnectEventTime)
E:\VS\ch583_pcb\BLE\LIB\libCH58xBLE.a(ll_core.o)
                              E:\VS\ch583_pcb\BLE\LIB\libCH58xBLE.a(ll_connect.o) (LL_CoreGetCore)
E:\VS\ch583_pcb\BLE\LIB\libCH58xBLE.a(ll_hop.o)
                              E:\VS\ch583_pcb\BLE\LIB\libCH58xBLE.a(ll_connect.o) (LL_HopGetChannel)
E:\VS\ch583_pcb\BLE\LIB\libCH58xBLE.a(ll_master.o)
                              E:\VS\ch583_pcb\BLE\LIB\libCH58xBLE.a(ll_connect.o) (ll_master_process)
E:\VS\ch583_pcb\BLE\LIB\libCH58xBLE.a(ll_pdu.o)
                              E:\VS\ch583_pcb\BLE\LIB\libCH58xBLE.a(ll_master.o) (LL_ConnectionUpdateInd)
E:\VS\ch583_pcb\BLE\LIB\libCH58xBLE.a(ll_report.o)
                              E:\VS\ch583_pcb\BLE\LIB\libCH58xBLE.a(ll_connect.o) (LL_ReportGenerateEvent)
E:\VS\ch583_pcb\BLE\LIB\libCH58xBLE.a(ll_scan.o)
                              E:\VS\ch583_pcb\BLE\LIB\libCH58xBLE.a(ll_master.o) (LL_ScanEnable)
E:\VS\ch583_pcb\BLE\LIB\libCH58xBLE.a(ll_slave.o)
                              E:\VS\ch583_pcb\BLE\LIB\libCH58xBLE.a(ll_connect.o) (ll_hw_timer_slave_recv_timeout)
E:\VS\ch583_pcb\BLE\LIB\libCH58xBLE.a(ll_whitelist.o)
                              E:\VS\ch583_pcb\BLE\LIB\libCH58xBLE.a(ll_scan.o) (LL_WhitelistLookup)
E:\VS\ch583_pcb\BLE\LIB\libCH58xBLE.a(aes.o)
[...]
Memory Configuration

Name             Origin             Length             Attributes
FLASH            0x0000000000000000 0x0000000000070000 xr
RAM              0x0000000020000000 0x0000000000008000 xrw
*default*        0x0000000000000000 0xffffffffffffffff

Linker script and memory map

LOAD ./StdPeriphDriver/CH58x_adc.o
LOAD ./StdPeriphDriver/CH58x_clk.o
LOAD ./StdPeriphDriver/CH58x_flash.o
LOAD ./StdPeriphDriver/CH58x_gpio.o
LOAD ./StdPeriphDriver/CH58x_i2c.o
LOAD ./StdPeriphDriver/CH58x_pwm.o
LOAD ./StdPeriphDriver/CH58x_pwr.o
LOAD ./StdPeriphDriver/CH58x_spi0.o
LOAD ./StdPeriphDriver/CH58x_spi1.o
LOAD ./StdPeriphDriver/CH58x_sys.o
LOAD ./StdPeriphDriver/CH58x_timer0.o
LOAD ./StdPeriphDriver/CH58x_timer1.o
LOAD ./StdPeriphDriver/CH58x_timer2.o
LOAD ./StdPeriphDriver/CH58x_timer3.o
LOAD ./StdPeriphDriver/CH58x_uart0.o
LOAD ./StdPeriphDriver/CH58x_uart1.o
LOAD ./StdPeriphDriver/CH58x_uart2.o
LOAD ./StdPeriphDriver/CH58x_uart3.o
LOAD ./StdPeriphDriver/CH58x_usb2dev.o
LOAD ./StdPeriphDriver/CH58x_usb2hostBase.o
LOAD ./StdPeriphDriver/CH58x_usb2hostClass.o
LOAD ./StdPeriphDriver/CH58x_usbdev.o
LOAD ./StdPeriphDriver/CH58x_usbhostBase.o
LOAD ./StdPeriphDriver/CH58x_usbhostClass.o
LOAD ./Startup/startup_CH583.o
LOAD ./RVMSIS/core_riscv.o
LOAD ./Profile/battservice.o
LOAD ./Profile/devinfoservice.o
LOAD ./Profile/hiddev.o
LOAD ./Profile/hidmouseservice.o
LOAD ./Profile/scanparamservice.o
LOAD ./HAL/MCU.o
LOAD ./HAL/RTC.o
LOAD ./HAL/SLEEP.o
LOAD ./APP/hidmouse.o
LOAD ./APP/hidmouse_main.o
LOAD E:\VS\ch583_pcb\SRC\StdPeriphDriver\libISP583.a
LOAD E:\VS\ch583_pcb\BLE\LIB\libCH58xBLE.a
LOAD d:/mounriver/mounriver_studio/toolchain/risc-v embedded gcc/bin/../lib/gcc/riscv-none-embed/8.2.0/rv32imac/ilp32\libgcc.a
LOAD d:/mounriver/mounriver_studio/toolchain/risc-v embedded gcc/bin/../lib/gcc/riscv-none-embed/8.2.0/../../../../riscv-none-embed/lib/rv32imac/ilp32\libg_nano.a
LOAD d:/mounriver/mounriver_studio/toolchain/risc-v embedded gcc/bin/../lib/gcc/riscv-none-embed/8.2.0/../../../../riscv-none-embed/lib/rv32imac/ilp32\libc_nano.a
LOAD d:/mounriver/mounriver_studio/toolchain/risc-v embedded gcc/bin/../lib/gcc/riscv-none-embed/8.2.0/rv32imac/ilp32\libgcc.a
START GROUP
LOAD d:/mounriver/mounriver_studio/toolchain/risc-v embedded gcc/bin/../lib/gcc/riscv-none-embed/8.2.0/rv32imac/ilp32\libgcc.a
LOAD d:/mounriver/mounriver_studio/toolchain/risc-v embedded gcc/bin/../lib/gcc/riscv-none-embed/8.2.0/../../../../riscv-none-embed/lib/rv32imac/ilp32\libc_nano.a
LOAD d:/mounriver/mounriver_studio/toolchain/risc-v embedded gcc/bin/../lib/gcc/riscv-none-embed/8.2.0/../../../../riscv-none-embed/lib/rv32imac/ilp32\libnosys.a
END GROUP
START GROUP
LOAD d:/mounriver/mounriver_studio/toolchain/risc-v embedded gcc/bin/../lib/gcc/riscv-none-embed/8.2.0/rv32imac/ilp32\libgcc.a
LOAD d:/mounriver/mounriver_studio/toolchain/risc-v embedded gcc/bin/../lib/gcc/riscv-none-embed/8.2.0/../../../../riscv-none-embed/lib/rv32imac/ilp32\libc_nano.a
LOAD d:/mounriver/mounriver_studio/toolchain/risc-v embedded gcc/bin/../lib/gcc/riscv-none-embed/8.2.0/../../../../riscv-none-embed/lib/rv32imac/ilp32\libnosys.a
END GROUP

.init           0x0000000000000000        0x4
                0x0000000000000000                _sinit = .
                0x0000000000000000                . = ALIGN (0x4)
 *(SORT_NONE(.init))
 .init          0x0000000000000000        0x4 ./Startup/startup_CH583.o
                0x0000000000000000                _start
                0x0000000000000004                . = ALIGN (0x4)
                0x0000000000000004                _einit = .

.highcodelalign
                0x0000000000000004        0x0
                0x0000000000000004                . = ALIGN (0x4)
                0x0000000000000004                PROVIDE (_highcode_lma = .)

.highcode       0x0000000020000000     0x1fd4 load address 0x0000000000000004
                0x0000000020000000                . = ALIGN (0x4)
                0x0000000020000000                PROVIDE (_highcode_vma_start = .)
 *(.vector)
 .vector        0x0000000020000000       0x90 ./Startup/startup_CH583.o
 *(SORT_NONE(.vector_handler))
 .vector_handler
                0x0000000020000090       0x36 ./Startup/startup_CH583.o
                0x0000000020000090                NMI_Handler
                0x0000000020000094                Ecall_M_Mode_Handler
                0x0000000020000096                Ecall_U_Mode_Handler
                0x0000000020000098                Break_Point_Handler
                0x000000002000009a                SysTick_Handler
                0x000000002000009c                SW_Handler
                0x000000002000009e                TMR0_IRQHandler
                0x00000000200000a0                GPIOA_IRQHandler
                0x00000000200000a2                GPIOB_IRQHandler
                0x00000000200000a4                SPI0_IRQHandler
                0x00000000200000a6                BB_IRQHandler
                0x00000000200000a8                LLE_IRQHandler
                0x00000000200000aa                USB_IRQHandler
                0x00000000200000ac                USB2_IRQHandler
                0x00000000200000ae                TMR1_IRQHandler
                0x00000000200000b0                TMR2_IRQHandler
                0x00000000200000b2                UART0_IRQHandler
                0x00000000200000b4                UART1_IRQHandler
                0x00000000200000b8                ADC_IRQHandler
                0x00000000200000ba                I2C_IRQHandler
                0x00000000200000bc                PWMX_IRQHandler
                0x00000000200000be                TMR3_IRQHandler
                0x00000000200000c0                UART2_IRQHandler
                0x00000000200000c2                UART3_IRQHandler
                0x00000000200000c4                WDOG_BAT_IRQHandler
 *(.highcode)
 .highcode      0x00000000200000c6      0x22c ./StdPeriphDriver/CH58x_sys.o
                0x00000000200000c6                SetSysClock
                0x000000002000023a                SYS_ResetExecute
                0x0000000020000276                HardFault_Handler
                0x00000000200002bc                mDelayuS
                0x00000000200002ca                mDelaymS
 .highcode      0x00000000200002f2       0x16 ./HAL/RTC.o
                0x00000000200002f2                RTC_IRQHandler
 .highcode      0x0000000020000308        0x8 ./APP/hidmouse_main.o
                0x0000000020000308                Main_Circulation
 .highcode      0x0000000020000310      0x426 E:\VS\ch583_pcb\SRC\StdPeriphDriver\libISP583.a(ISP583.o)
                0x0000000020000310                FLASH_ROM_BEG
                0x0000000020000322                FLASH_ROM_END
                0x0000000020000330                FLASH_ROM_IN
                0x000000002000033e                FLASH_ROM_OUT
                0x000000002000034c                FLASH_ROM_ADDR
                0x0000000020000394                FLASH_ROM_WAIT
                0x00000000200003cc                FLASH_EEPROM_CMD
 .highcode      0x0000000020000736      0x44c E:\VS\ch583_pcb\BLE\LIB\libCH58xBLE.a(tmos.o)
                0x0000000020000736                tmos_memcpy
                0x0000000020000756                tmos_memcpy_word
                0x000000002000076e                tmos_memset
                0x0000000020000780                tmos_strlen
                0x0000000020000794                tmos_memdup
                0x00000000200007c6                tmos_memcmp
                0x00000000200007f4                tmos_revmemcpy
                0x0000000020000810                tmos_isbufset
                0x0000000020000832                tmos_proces_system_time
                0x000000002000097c                TMOS_SystemProcess
 .highcode      0x0000000020000b82       0x4c E:\VS\ch583_pcb\BLE\LIB\libCH58xBLE.a(tmos_hw.o)
                0x0000000020000bcc                TMOS_TimerIRQHandler
 .highcode      0x0000000020000bce      0x2d2 E:\VS\ch583_pcb\BLE\LIB\libCH58xBLE.a(ll_connect.o)
                0x0000000020000bce                ll_connect_send_data
                0x0000000020000cf6                ll_connect_recv_data
                0x0000000020000dd6                ll_connect_event_continue
 .highcode      0x0000000020000ea0      0x310 E:\VS\ch583_pcb\BLE\LIB\libCH58xBLE.a(ll_hop.o)
                0x0000000020000ea0                LL_HopGetChannel
                0x0000000020000f46                LL_HopGetChannel2
 .highcode      0x00000000200011b0       0x50 E:\VS\ch583_pcb\BLE\LIB\libCH58xBLE.a(ll_whitelist.o)
                0x00000000200011b0                LL_WhitelistLookup
 .highcode      0x0000000020001200      0x1e0 E:\VS\ch583_pcb\BLE\LIB\libCH58xBLE.a(aes.o)
                0x0000000020001200                AES_DevAESEnc
 .highcode      0x00000000200013e0      0x15a E:\VS\ch583_pcb\BLE\LIB\libCH58xBLE.a(bb.o)
                0x00000000200013e0                BB_IRQLibHandler
                0x00000000200014f0                BB_IRQLibFunction
 .highcode      0x000000002000153a      0x3dc E:\VS\ch583_pcb\BLE\LIB\libCH58xBLE.a(ip.o)
                0x000000002000153a                ll_rx_wait_finish
                0x0000000020001578                ble_ll_chkcrc
                0x000000002000161a                ll_tx_wait_finish
                0x000000002000173e                BLE_CheckHoppingMap
 .highcode      0x0000000020001916      0x23c E:\VS\ch583_pcb\BLE\LIB\libCH58xBLE.a(lle.o)
                0x0000000020001916                LLE_IRQLibHandler
                0x0000000020001b08                LLE_IRQLibFunction
 .highcode      0x0000000020001b52      0x1be E:\VS\ch583_pcb\BLE\LIB\libCH58xBLE.a(rf_fh.o)
                0x0000000020001b52                RF_HopGetChannel
                0x0000000020001bc0                RF_FrequencyHoppingGet
                0x0000000020001c76                RF_FrequencyHoppingChange
 .highcode      0x0000000020001d10       0x30 E:\VS\ch583_pcb\BLE\LIB\libCH58xBLE.a(rfend.o)
                0x0000000020001d10                RFEND_WaitTune
 .highcode      0x0000000020001d40      0x1ba E:\VS\ch583_pcb\BLE\LIB\libCH58xBLE.a(memory.o)
                0x0000000020001d40                tmos_memory_allocate
                0x0000000020001e12                tmos_memory_free
 .highcode      0x0000000020001efa       0xd8 E:\VS\ch583_pcb\BLE\LIB\libCH58xBLE.a(ll_resolvinglist.o)
                0x0000000020001efa                LL_ResolvinglistPeerIdentifyAddressGetIrk
                0x0000000020001f4e                LL_ResolvinglistPeerRpaAddressGetIrk
                0x0000000020001f90                LL_ResolvinglistLocalRpaAddressGetIrk
 *(.highcode.*)
                0x0000000020001fd4                . = ALIGN (0x4)
 *fill*         0x0000000020001fd2        0x2 
                0x0000000020001fd4                PROVIDE (_highcode_vma_end = .)

.text           0x0000000000001fd8    0x23a50
                0x0000000000001fd8                . = ALIGN (0x4)
 *(SORT_NONE(.handle_reset))
 .handle_reset  0x0000000000001fd8       0xae ./Startup/startup_CH583.o
                0x0000000000001fd8                handle_reset
 *(.text)
 .text          0x0000000000002086       0xa8 d:/mounriver/mounriver_studio/toolchain/risc-v embedded gcc/bin/../lib/gcc/riscv-none-embed/8.2.0/../../../../riscv-none-embed/lib/rv32imac/ilp32\libg_nano.a(lib_a-memset.o)
                0x0000000000002086                memset
 *(.text.*)
 .text.ADC_InterTSSampInit
                0x000000000000212e       0x28 ./StdPeriphDriver/CH58x_adc.o
                0x000000000000212e                ADC_InterTSSampInit
 .text.Calibration_LSI
                0x0000000000002156      0x2fa ./StdPeriphDriver/CH58x_clk.o
                0x0000000000002156                Calibration_LSI
 .text.RTC_InitTime
                0x0000000000002450      0x18e ./StdPeriphDriver/CH58x_clk.o
                0x0000000000002450                RTC_InitTime
 .text.GPIOA_ModeCfg
                0x00000000000025de       0xa6 ./StdPeriphDriver/CH58x_gpio.o
                0x00000000000025de                GPIOA_ModeCfg
 .text.GetSysClock
                0x0000000000002684       0x42 ./StdPeriphDriver/CH58x_sys.o
                0x0000000000002684                GetSysClock
 .text.SYS_GetSysTickCnt
                0x00000000000026c6        0xa ./StdPeriphDriver/CH58x_sys.o
                0x00000000000026c6                SYS_GetSysTickCnt
 .text._write   0x00000000000026d0       0x28 ./StdPeriphDriver/CH58x_sys.o
                0x00000000000026d0                _write
 .text.UART1_BaudRateCfg
                0x00000000000026f8       0x30 ./StdPeriphDriver/CH58x_uart1.o
                0x00000000000026f8                UART1_BaudRateCfg
 .text.UART1_DefInit
                0x0000000000002728       0x32 ./StdPeriphDriver/CH58x_uart1.o
                0x0000000000002728                UART1_DefInit
 .text.battMeasure
                0x000000000000275a       0x7c ./Profile/battservice.o
 .text.battWriteAttrCB
                0x00000000000027d6       0x5e ./Profile/battservice.o
 .text.battReadAttrCB
                0x0000000000002834       0x7e ./Profile/battservice.o
 .text.battNotifyCB
                0x00000000000028b2       0x76 ./Profile/battservice.o
 .text.Batt_AddService
                0x0000000000002928       0x2c ./Profile/battservice.o
                0x0000000000002928                Batt_AddService
 .text.Batt_Register
                0x0000000000002954        0x6 ./Profile/battservice.o
                0x0000000000002954                Batt_Register
 .text.Batt_SetParameter
                0x000000000000295a       0x3a ./Profile/battservice.o
                0x000000000000295a                Batt_SetParameter
 .text.Batt_GetParameter
                0x0000000000002994       0x6a ./Profile/battservice.o
                0x0000000000002994                Batt_GetParameter
 .text.Batt_MeasLevel
                0x00000000000029fe       0x2e ./Profile/battservice.o
                0x00000000000029fe                Batt_MeasLevel
 .text.Batt_HandleConnStatusCB
                0x0000000000002a2c       0x3e ./Profile/battservice.o
                0x0000000000002a2c                Batt_HandleConnStatusCB
 .text.devInfo_ReadAttrCB
                0x0000000000002a6a      0x196 ./Profile/devinfoservice.o
 .text.DevInfo_AddService
                0x0000000000002c00       0x18 ./Profile/devinfoservice.o
                0x0000000000002c00                DevInfo_AddService
 .text.hidDevScanParamCB
                0x0000000000002c18        0x2 ./Profile/hiddev.o
 .text.hidDevRptByHandle
                0x0000000000002c1a       0x30 ./Profile/hiddev.o
 .text.hidDevParamUpdateCB
                0x0000000000002c4a       0x12 ./Profile/hiddev.o
 .text.hidDevInitialAdvertising
                0x0000000000002c5c       0x3c ./Profile/hiddev.o
 .text.hidDevBattCB
                0x0000000000002c98       0x28 ./Profile/hiddev.o
 .text.hidDevPairStateCB
                0x0000000000002cc0       0x28 ./Profile/hiddev.o
 .text.hidDevPasscodeCB
                0x0000000000002ce8       0x34 ./Profile/hiddev.o
 .text.HidDev_ProcessEvent
                0x0000000000002d1c       0xe8 ./Profile/hiddev.o
                0x0000000000002d1c                HidDev_ProcessEvent
 .text.hidDevGapStateCB
                0x0000000000002e04      0x122 ./Profile/hiddev.o
 .text.HidDev_Init
                0x0000000000002f26       0x66 ./Profile/hiddev.o
                0x0000000000002f26                HidDev_Init
 .text.HidDev_Register
                0x0000000000002f8c        0xa ./Profile/hiddev.o
                0x0000000000002f8c                HidDev_Register
 .text.HidDev_RegisterReports
                0x0000000000002f96        0xa ./Profile/hiddev.o
                0x0000000000002f96                HidDev_RegisterReports
 .text.HidDev_Report
                0x0000000000002fa0      0x12c ./Profile/hiddev.o
                0x0000000000002fa0                HidDev_Report
 .text.HidDev_ReadAttrCB
                0x00000000000030cc      0x104 ./Profile/hiddev.o
                0x00000000000030cc                HidDev_ReadAttrCB
 .text.HidDev_WriteAttrCB
                0x00000000000031d0      0x146 ./Profile/hiddev.o
                0x00000000000031d0                HidDev_WriteAttrCB
 .text.Hid_AddService
                0x0000000000003316       0x9a ./Profile/hidmouseservice.o
                0x0000000000003316                Hid_AddService
 .text.Hid_SetParameter
                0x00000000000033b0       0x28 ./Profile/hidmouseservice.o
                0x00000000000033b0                Hid_SetParameter
 .text.Hid_GetParameter
                0x00000000000033d8       0x28 ./Profile/hidmouseservice.o
                0x00000000000033d8                Hid_GetParameter
 .text.scanParamReadAttrCB
                0x0000000000003400        0x4 ./Profile/scanparamservice.o
 .text.scanParamWriteAttrCB
                0x0000000000003404       0x66 ./Profile/scanparamservice.o
 .text.ScanParam_AddService
                0x000000000000346a       0x2c ./Profile/scanparamservice.o
                0x000000000000346a                ScanParam_AddService
 .text.ScanParam_Register
                0x0000000000003496        0x6 ./Profile/scanparamservice.o
                0x0000000000003496                ScanParam_Register
 .text.ScanParam_RefreshNotify
                0x000000000000349c       0x5c ./Profile/scanparamservice.o
                0x000000000000349c                ScanParam_RefreshNotify
 .text.ScanParam_HandleConnStatusCB
                0x00000000000034f8       0x3e ./Profile/scanparamservice.o
                0x00000000000034f8                ScanParam_HandleConnStatusCB
 .text.Lib_Calibration_LSI
                0x0000000000003536        0x6 ./HAL/MCU.o
                0x0000000000003536                Lib_Calibration_LSI
 .text.Lib_Read_Flash
                0x000000000000353c       0x1c ./HAL/MCU.o
                0x000000000000353c                Lib_Read_Flash
 .text.Lib_Write_Flash
                0x0000000000003558       0x40 ./HAL/MCU.o
                0x0000000000003558                Lib_Write_Flash
 .text.HAL_GetInterTempValue
                0x0000000000003598       0x72 ./HAL/MCU.o
                0x0000000000003598                HAL_GetInterTempValue
 .text.HAL_ProcessEvent
                0x000000000000360a       0x7a ./HAL/MCU.o
                0x000000000000360a                HAL_ProcessEvent
 .text.CH58X_BLEInit
                0x0000000000003684      0x12e ./HAL/MCU.o
                0x0000000000003684                CH58X_BLEInit
 .text.HAL_Init
                0x00000000000037b2       0x34 ./HAL/MCU.o
                0x00000000000037b2                HAL_Init
 .text.HAL_TimeInit
                0x00000000000037e6       0x62 ./HAL/RTC.o
                0x00000000000037e6                HAL_TimeInit
 .text.hidEmuEvtCB
                0x0000000000003848        0x2 ./APP/hidmouse.o
 .text.hidEmuStateCB
                0x000000000000384a       0xfc ./APP/hidmouse.o
 .text.hidEmuRptCB
                0x0000000000003946       0x3a ./APP/hidmouse.o
 .text.HidEmu_ProcessEvent
                0x0000000000003980       0xae ./APP/hidmouse.o
                0x0000000000003980                HidEmu_ProcessEvent
 .text.HidEmu_Init
                0x0000000000003a2e       0xea ./APP/hidmouse.o
                0x0000000000003a2e                HidEmu_Init
 .text.startup.main
                0x0000000000003b18       0x50 ./APP/hidmouse_main.o
                0x0000000000003b18                main
 .text.tmos_msg_enqueue
                0x0000000000003b68       0x1e E:\VS\ch583_pcb\BLE\LIB\libCH58xBLE.a(message.o)
                0x0000000000003b68                tmos_msg_enqueue
 .text.tmos_msg_deallocate
                0x0000000000003b86       0x2c E:\VS\ch583_pcb\BLE\LIB\libCH58xBLE.a(message.o)
                0x0000000000003b86                tmos_msg_deallocate
 .text.tmos_msg_allocate
                0x0000000000003bb2       0x46 E:\VS\ch583_pcb\BLE\LIB\libCH58xBLE.a(message.o)
                0x0000000000003bb2                tmos_msg_allocate
 .text.tmos_msg_receive
                0x0000000000003bf8       0x72 E:\VS\ch583_pcb\BLE\LIB\libCH58xBLE.a(message.o)
                0x0000000000003bf8                tmos_msg_receive
 .text.tmos_msg_send
                0x0000000000003c6a       0x60 E:\VS\ch583_pcb\BLE\LIB\libCH58xBLE.a(message.o)
                0x0000000000003c6a                tmos_msg_send
 .text.tmos_msg_init
                0x0000000000003cca        0xa E:\VS\ch583_pcb\BLE\LIB\libCH58xBLE.a(message.o)
                0x0000000000003cca                tmos_msg_init
 .text.tmosFindTask
                0x0000000000003cd4       0x24 E:\VS\ch583_pcb\BLE\LIB\libCH58xBLE.a(tmos.o)
 .text.TMOS_CB_PeriodicProcessEvent
                0x0000000000003cf8       0x86 E:\VS\ch583_pcb\BLE\LIB\libCH58xBLE.a(tmos.o)
                0x0000000000003cf8                TMOS_CB_PeriodicProcessEvent
 .text.TMOS_CB_ProcessEvent
                0x0000000000003d7e       0x80 E:\VS\ch583_pcb\BLE\LIB\libCH58xBLE.a(tmos.o)
                0x0000000000003d7e                TMOS_CB_ProcessEvent
 .text.tmos_rand
                0x0000000000003dfe       0x52 E:\VS\ch583_pcb\BLE\LIB\libCH58xBLE.a(tmos.o)
                0x0000000000003dfe                tmos_rand
 .text.tmos_proces_sleep
                0x0000000000003e50      0x132 E:\VS\ch583_pcb\BLE\LIB\libCH58xBLE.a(tmos.o)
                0x0000000000003e50                tmos_proces_sleep
 .text.tmos_start_periodic_callback_task
                0x0000000000003f82       0xfc E:\VS\ch583_pcb\BLE\LIB\libCH58xBLE.a(tmos.o)
                0x0000000000003f82                tmos_start_periodic_callback_task
 .text.tmos_set_event
                0x000000000000407e       0x2e E:\VS\ch583_pcb\BLE\LIB\libCH58xBLE.a(tmos.o)
                0x000000000000407e                tmos_set_event
 .text.tmos_clear_event
                0x00000000000040ac       0x32 E:\VS\ch583_pcb\BLE\LIB\libCH58xBLE.a(tmos.o)
                0x00000000000040ac                tmos_clear_event
 .text.tmos_update_callback_timer
                0x00000000000040de       0xc0 E:\VS\ch583_pcb\BLE\LIB\libCH58xBLE.a(tmos.o)
                0x00000000000040de                tmos_update_callback_timer
 .text.tmos_start_task
                0x000000000000419e      0x120 E:\VS\ch583_pcb\BLE\LIB\libCH58xBLE.a(tmos.o)
                0x000000000000419e                tmos_start_task
 .text.tmos_start_callback_task
                0x00000000000042be       0x98 E:\VS\ch583_pcb\BLE\LIB\libCH58xBLE.a(tmos.o)
                0x00000000000042be                tmos_start_callback_task
 .text.tmos_start_reload_task
                0x0000000000004356       0x56 E:\VS\ch583_pcb\BLE\LIB\libCH58xBLE.a(tmos.o)
                0x0000000000004356                tmos_start_reload_task
 .text.tmos_stop_task
                0x00000000000043ac       0x50 E:\VS\ch583_pcb\BLE\LIB\libCH58xBLE.a(tmos.o)
                0x00000000000043ac                tmos_stop_task
 .text.tmos_stop_callback_task
                0x00000000000043fc       0x5a E:\VS\ch583_pcb\BLE\LIB\libCH58xBLE.a(tmos.o)
                0x00000000000043fc                tmos_stop_callback_task
 .text.tmos_get_task_timer
                0x0000000000004456       0x6c E:\VS\ch583_pcb\BLE\LIB\libCH58xBLE.a(tmos.o)
                0x0000000000004456                tmos_get_task_timer
 .text.TMOS_TimerRegister
                0x00000000000044c2       0x1e E:\VS\ch583_pcb\BLE\LIB\libCH58xBLE.a(tmos.o)
                0x00000000000044c2                TMOS_TimerRegister
 .text.TMOS_ProcessRegister
                0x00000000000044e0       0x16 E:\VS\ch583_pcb\BLE\LIB\libCH58xBLE.a(tmos.o)
                0x00000000000044e0                TMOS_ProcessRegister
 .text.TMOS_Init
                0x00000000000044f6      0x12e E:\VS\ch583_pcb\BLE\LIB\libCH58xBLE.a(tmos.o)
                0x00000000000044f6                TMOS_Init
 .text.TMOS_ProcessEventRegister
                0x0000000000004624       0x3c E:\VS\ch583_pcb\BLE\LIB\libCH58xBLE.a(tmos.o)
                0x0000000000004624                TMOS_ProcessEventRegister
 .text.BLE_LibInit
                0x0000000000004660      0x172 E:\VS\ch583_pcb\BLE\LIB\libCH58xBLE.a(tmos.o)
                0x0000000000004660                BLE_LibInit
 .text.clockGetTickValve
                0x00000000000047d2       0x70 E:\VS\ch583_pcb\BLE\LIB\libCH58xBLE.a(tmos_hw.o)
 .text.ll_get_sca_divisor
                0x0000000000004842       0x40 E:\VS\ch583_pcb\BLE\LIB\libCH58xBLE.a(tmos_hw.o)
                0x0000000000004842                ll_get_sca_divisor
 .text.ll_get_sca_own
                0x0000000000004882       0x46 E:\VS\ch583_pcb\BLE\LIB\libCH58xBLE.a(tmos_hw.o)
                0x0000000000004882                ll_get_sca_own
 .text.ble_ll_common_rand8
                0x00000000000048c8       0x24 E:\VS\ch583_pcb\BLE\LIB\libCH58xBLE.a(tmos_hw.o)
                0x00000000000048c8                ble_ll_common_rand8
 .text.ble_ll_common_rand16
                0x00000000000048ec       0x24 E:\VS\ch583_pcb\BLE\LIB\libCH58xBLE.a(tmos_hw.o)
                0x00000000000048ec                ble_ll_common_rand16
 .text.ble_ll_common_rand32
                0x0000000000004910       0x20 E:\VS\ch583_pcb\BLE\LIB\libCH58xBLE.a(tmos_hw.o)
                0x0000000000004910                ble_ll_common_rand32
 .text.TMOS_TempSample
                0x0000000000004930       0x62 E:\VS\ch583_pcb\BLE\LIB\libCH58xBLE.a(tmos_hw.o)
                0x0000000000004930                TMOS_TempSample
 .text.TMOS_TimerInit
                0x0000000000004992       0xca E:\VS\ch583_pcb\BLE\LIB\libCH58xBLE.a(tmos_hw.o)
                0x0000000000004992                TMOS_TimerInit
 .text.tmos_snv_init
                0x0000000000004a5c       0xc0 E:\VS\ch583_pcb\BLE\LIB\libCH58xBLE.a(tmos_snv.o)
                0x0000000000004a5c                tmos_snv_init
 .text.tmos_snv_clear
                0x0000000000004b1c       0xb2 E:\VS\ch583_pcb\BLE\LIB\libCH58xBLE.a(tmos_snv.o)
                0x0000000000004b1c                tmos_snv_clear
 .text.tmos_snv_read
                0x0000000000004bce      0x292 E:\VS\ch583_pcb\BLE\LIB\libCH58xBLE.a(tmos_snv.o)
                0x0000000000004bce                tmos_snv_read
 .text.tmos_snv_notify
                0x0000000000004e60       0x5a E:\VS\ch583_pcb\BLE\LIB\libCH58xBLE.a(tmos_snv.o)
                0x0000000000004e60                tmos_snv_notify
 .text.tmos_snv_write
                0x0000000000004eba      0x2ce E:\VS\ch583_pcb\BLE\LIB\libCH58xBLE.a(tmos_snv.o)
                0x0000000000004eba                tmos_snv_write
 .text.tmos_snv_compact
                0x0000000000005188        0x4 E:\VS\ch583_pcb\BLE\LIB\libCH58xBLE.a(tmos_snv.o)
                0x0000000000005188                tmos_snv_compact
 .text.disconnectNext
                0x000000000000518c       0x22 E:\VS\ch583_pcb\BLE\LIB\libCH58xBLE.a(gap.o)
 .text.GAP_ParamInit
                0x00000000000051ae      0x14e E:\VS\ch583_pcb\BLE\LIB\libCH58xBLE.a(gap.o)
                0x00000000000051ae                GAP_ParamInit
 .text.sendTerminateEvent
                0x00000000000052fc       0x58 E:\VS\ch583_pcb\BLE\LIB\libCH58xBLE.a(gap.o)
                0x00000000000052fc                sendTerminateEvent
 .text.gapRegisterCentral
                0x0000000000005354        0x6 E:\VS\ch583_pcb\BLE\LIB\libCH58xBLE.a(gap.o)
                0x0000000000005354                gapRegisterCentral
 .text.gapRegisterCentralConn
                0x000000000000535a        0x6 E:\VS\ch583_pcb\BLE\LIB\libCH58xBLE.a(gap.o)
                0x000000000000535a                gapRegisterCentralConn
 .text.gapRegisterPeripheral
                0x0000000000005360        0x6 E:\VS\ch583_pcb\BLE\LIB\libCH58xBLE.a(gap.o)
                0x0000000000005360                gapRegisterPeripheral
 .text.gapRegisterPeripheralConn
                0x0000000000005366        0x6 E:\VS\ch583_pcb\BLE\LIB\libCH58xBLE.a(gap.o)
                0x0000000000005366                gapRegisterPeripheralConn
 .text.smGenerateRandBuf
                0x000000000000536c       0x56 E:\VS\ch583_pcb\BLE\LIB\libCH58xBLE.a(gap.o)
                0x000000000000536c                smGenerateRandBuf
 .text.gapL2capConnParamUpdateReq
                0x00000000000053c2       0x36 E:\VS\ch583_pcb\BLE\LIB\libCH58xBLE.a(gap.o)
                0x00000000000053c2                gapL2capConnParamUpdateReq
 .text.gapValidADType
                0x00000000000053f8       0x16 E:\VS\ch583_pcb\BLE\LIB\libCH58xBLE.a(gap.o)
                0x00000000000053f8                gapValidADType
 .text.gapFindADType
                0x000000000000540e       0x92 E:\VS\ch583_pcb\BLE\LIB\libCH58xBLE.a(gap.o)
                0x000000000000540e                gapFindADType
 .text.GAP_SecParamsInit
                0x00000000000054a0       0xaa E:\VS\ch583_pcb\BLE\LIB\libCH58xBLE.a(gap.o)
                0x00000000000054a0                GAP_SecParamsInit
 .text.GAP_ParamsInit
                0x000000000000554a       0x50 E:\VS\ch583_pcb\BLE\LIB\libCH58xBLE.a(gap.o)
                0x000000000000554a                GAP_ParamsInit
 .text.gapAddAddrAdj
                0x000000000000559a       0x48 E:\VS\ch583_pcb\BLE\LIB\libCH58xBLE.a(gap.o)
                0x000000000000559a                gapAddAddrAdj
 .text.gapDetermineAddrType
                0x00000000000055e2       0x28 E:\VS\ch583_pcb\BLE\LIB\libCH58xBLE.a(gap.o)
                0x00000000000055e2                gapDetermineAddrType
 .text.gapFreeAuthLink
                0x000000000000560a       0x4a E:\VS\ch583_pcb\BLE\LIB\libCH58xBLE.a(gap.o)
                0x000000000000560a                gapFreeAuthLink
 .text.gapGetDevAddress
                0x0000000000005654       0x24 E:\VS\ch583_pcb\BLE\LIB\libCH58xBLE.a(gap.o)
                0x0000000000005654                gapGetDevAddress
 .text.gapGetDevAddressMode
                0x0000000000005678        0xa E:\VS\ch583_pcb\BLE\LIB\libCH58xBLE.a(gap.o)
                0x0000000000005678                gapGetDevAddressMode
 .text.gapGetIRK
                0x0000000000005682        0xc E:\VS\ch583_pcb\BLE\LIB\libCH58xBLE.a(gap.o)
                0x0000000000005682                gapGetIRK
 .text.gapGetSRK
                0x000000000000568e        0xc E:\VS\ch583_pcb\BLE\LIB\libCH58xBLE.a(gap.o)
                0x000000000000568e                gapGetSRK
 .text.gapGetSignCounter
                0x000000000000569a        0xe E:\VS\ch583_pcb\BLE\LIB\libCH58xBLE.a(gap.o)
                0x000000000000569a                gapGetSignCounter
 .text.gapIncSignCounter
                0x00000000000056a8       0x28 E:\VS\ch583_pcb\BLE\LIB\libCH58xBLE.a(gap.o)
                0x00000000000056a8                gapIncSignCounter
 .text.gapProcessConnEvt
                0x00000000000056d0       0x48 E:\VS\ch583_pcb\BLE\LIB\libCH58xBLE.a(gap.o)
                0x00000000000056d0                gapProcessConnEvt
 .text.gapProcessDisconnectCompleteEvt
                0x0000000000005718       0xa8 E:\VS\ch583_pcb\BLE\LIB\libCH58xBLE.a(gap.o)
                0x0000000000005718                gapProcessDisconnectCompleteEvt
 .text.sendAuthEvent
                0x00000000000057c0      0x11e E:\VS\ch583_pcb\BLE\LIB\libCH58xBLE.a(gap.o)
                0x00000000000057c0                sendAuthEvent
 .text.gapSendBondCompleteEvent
                0x00000000000058de       0x74 E:\VS\ch583_pcb\BLE\LIB\libCH58xBLE.a(gap.o)
                0x00000000000058de                gapSendBondCompleteEvent
 .text.gapSendPairingReqEvent
                0x0000000000005952       0x96 E:\VS\ch583_pcb\BLE\LIB\libCH58xBLE.a(gap.o)
                0x0000000000005952                gapSendPairingReqEvent
 .text.gapSendSlaveSecurityReqEvent
                0x00000000000059e8       0x68 E:\VS\ch583_pcb\BLE\LIB\libCH58xBLE.a(gap.o)
                0x00000000000059e8                gapSendSlaveSecurityReqEvent
 .text.gapSendDeviceInitDoneEvent
                0x0000000000005a50       0x88 E:\VS\ch583_pcb\BLE\LIB\libCH58xBLE.a(gap.o)
                0x0000000000005a50                gapSendDeviceInitDoneEvent
 .text.gapSendLinkUpdateEvent
                0x0000000000005ad8       0xb2 E:\VS\ch583_pcb\BLE\LIB\libCH58xBLE.a(gap.o)
                0x0000000000005ad8                gapSendLinkUpdateEvent
 .text.gapSendPhyUpdateEvent
                0x0000000000005b8a       0x58 E:\VS\ch583_pcb\BLE\LIB\libCH58xBLE.a(gap.o)
                0x0000000000005b8a                gapSendPhyUpdateEvent
 .text.gapSendEstLinkEvent
                0x0000000000005be2       0xbc E:\VS\ch583_pcb\BLE\LIB\libCH58xBLE.a(gap.o)
                0x0000000000005be2                gapSendEstLinkEvent
 .text.gapProcessNewAddr
                0x0000000000005c9e       0x3e E:\VS\ch583_pcb\BLE\LIB\libCH58xBLE.a(gap.o)
                0x0000000000005c9e                gapProcessNewAddr
 .text.gapProcessRandomAddrComplete
                0x0000000000005cdc       0xb6 E:\VS\ch583_pcb\BLE\LIB\libCH58xBLE.a(gap.o)
                0x0000000000005cdc                gapProcessRandomAddrComplete
 .text.GAP_Authenticate
                0x0000000000005d92       0xde E:\VS\ch583_pcb\BLE\LIB\libCH58xBLE.a(gap.o)
                0x0000000000005d92                GAP_Authenticate
 .text.GAP_Bond
                0x0000000000005e70       0xaa E:\VS\ch583_pcb\BLE\LIB\libCH58xBLE.a(gap.o)
                0x0000000000005e70                GAP_Bond
 .text.GAP_GetParamValue
                0x0000000000005f1a       0x20 E:\VS\ch583_pcb\BLE\LIB\libCH58xBLE.a(gap.o)
                0x0000000000005f1a                GAP_GetParamValue
 .text.GAP_PasscodeUpdate
                0x0000000000005f3a       0x54 E:\VS\ch583_pcb\BLE\LIB\libCH58xBLE.a(gap.o)
                0x0000000000005f3a                GAP_PasscodeUpdate
 .text.GAP_RegisterForMsgs
                0x0000000000005f8e        0xa E:\VS\ch583_pcb\BLE\LIB\libCH58xBLE.a(gap.o)
                0x0000000000005f8e                GAP_RegisterForMsgs
 .text.GAP_ResolvePrivateAddr
                0x0000000000005f98        0x4 E:\VS\ch583_pcb\BLE\LIB\libCH58xBLE.a(gap.o)
                0x0000000000005f98                GAP_ResolvePrivateAddr
 .text.gapPairingCompleteCB
                0x0000000000005f9c      0x18c E:\VS\ch583_pcb\BLE\LIB\libCH58xBLE.a(gap.o)
                0x0000000000005f9c                gapPairingCompleteCB
 .text.gapPasskeyNeededCB
                0x0000000000006128       0x8e E:\VS\ch583_pcb\BLE\LIB\libCH58xBLE.a(gap.o)
                0x0000000000006128                gapPasskeyNeededCB
 .text.gapOobNeededCB
                0x00000000000061b6       0xa6 E:\VS\ch583_pcb\BLE\LIB\libCH58xBLE.a(gap.o)
                0x00000000000061b6                gapOobNeededCB
 .text.gapFreeEstLink
                0x000000000000625c       0x20 E:\VS\ch583_pcb\BLE\LIB\libCH58xBLE.a(gap.o)
                0x000000000000625c                gapFreeEstLink
 .text.gapUpdateConnSignCounter
                0x000000000000627c       0x7a E:\VS\ch583_pcb\BLE\LIB\libCH58xBLE.a(gap.o)
                0x000000000000627c                gapUpdateConnSignCounter
 .text.GAP_SendSlaveSecurityRequest
                0x00000000000062f6       0x4a E:\VS\ch583_pcb\BLE\LIB\libCH58xBLE.a(gap.o)
                0x00000000000062f6                GAP_SendSlaveSecurityRequest
 .text.GAP_Signable
                0x0000000000006340       0x6a E:\VS\ch583_pcb\BLE\LIB\libCH58xBLE.a(gap.o)
                0x0000000000006340                GAP_Signable
 .text.GAP_TerminateAuth
                0x00000000000063aa       0x2a E:\VS\ch583_pcb\BLE\LIB\libCH58xBLE.a(gap.o)
                0x00000000000063aa                GAP_TerminateAuth
 .text.GAP_NumActiveConnections
                0x00000000000063d4        0x4 E:\VS\ch583_pcb\BLE\LIB\libCH58xBLE.a(gap.o)
                0x00000000000063d4                GAP_NumActiveConnections
 .text.GAP_TerminateLinkReq
                0x00000000000063d8       0x8e E:\VS\ch583_pcb\BLE\LIB\libCH58xBLE.a(gap.o)
                0x00000000000063d8                GAP_TerminateLinkReq
 .text.GAP_SetParamValue
                0x0000000000006466       0x68 E:\VS\ch583_pcb\BLE\LIB\libCH58xBLE.a(gap.o)
                0x0000000000006466                GAP_SetParamValue
 .text.GAP_Init
                0x00000000000064ce       0x48 E:\VS\ch583_pcb\BLE\LIB\libCH58xBLE.a(gap.o)
                0x00000000000064ce                GAP_Init
 .text.GAP_ProcessEvent
                0x0000000000006516      0x664 E:\VS\ch583_pcb\BLE\LIB\libCH58xBLE.a(gap.o)
                0x0000000000006516                GAP_ProcessEvent
 .text.gapSendScanEnable
                0x0000000000006b7a       0x3a E:\VS\ch583_pcb\BLE\LIB\libCH58xBLE.a(gap_central.o)
 .text.gapCentProcessConnEvt
                0x0000000000006bb4      0x15c E:\VS\ch583_pcb\BLE\LIB\libCH58xBLE.a(gap_central.o)
                0x0000000000006bb4                gapCentProcessConnEvt
 .text.gapProcessScanningPeriodicAdvEvt
                0x0000000000006d10       0xa0 E:\VS\ch583_pcb\BLE\LIB\libCH58xBLE.a(gap_central.o)
                0x0000000000006d10                gapProcessScanningPeriodicAdvEvt
 .text.gapCancelLinkReq
                0x0000000000006db0       0x38 E:\VS\ch583_pcb\BLE\LIB\libCH58xBLE.a(gap_central.o)
                0x0000000000006db0                gapCancelLinkReq
 .text.gapProcessAdvertDevInfo
                0x0000000000006de8      0x242 E:\VS\ch583_pcb\BLE\LIB\libCH58xBLE.a(gap_central.o)
                0x0000000000006de8                gapProcessAdvertDevInfo
 .text.gapProcessExtAdvertDevInfo
                0x000000000000702a      0x260 E:\VS\ch583_pcb\BLE\LIB\libCH58xBLE.a(gap_central.o)
                0x000000000000702a                gapProcessExtAdvertDevInfo
 .text.gapProcessPeriodicAdvertisingSyncEstablishedEvt
                0x000000000000728a       0xae E:\VS\ch583_pcb\BLE\LIB\libCH58xBLE.a(gap_central.o)
                0x000000000000728a                gapProcessPeriodicAdvertisingSyncEstablishedEvt
 .text.gapProcessPeriodicAdvertisingSyncLostEvt
                0x0000000000007338       0x56 E:\VS\ch583_pcb\BLE\LIB\libCH58xBLE.a(gap_central.o)
                0x0000000000007338                gapProcessPeriodicAdvertisingSyncLostEvt
 .text.gapFreeScanRecs
                0x000000000000738e       0xa6 E:\VS\ch583_pcb\BLE\LIB\libCH58xBLE.a(gap_central.o)
                0x000000000000738e                gapFreeScanRecs
 .text.gapSendDevDiscEvent
                0x0000000000007434      0x124 E:\VS\ch583_pcb\BLE\LIB\libCH58xBLE.a(gap_central.o)
                0x0000000000007434                gapSendDevDiscEvent
 .text.gapSetScanParamStatus
                0x0000000000007558       0x56 E:\VS\ch583_pcb\BLE\LIB\libCH58xBLE.a(gap_central.o)
 .text.gapCentProcessHCICmdEvt
                0x00000000000075ae       0x3c E:\VS\ch583_pcb\BLE\LIB\libCH58xBLE.a(gap_central.o)
                0x00000000000075ae                gapCentProcessHCICmdEvt
 .text.gapProcessScanningEvt
                0x00000000000075ea      0x110 E:\VS\ch583_pcb\BLE\LIB\libCH58xBLE.a(gap_central.o)
                0x00000000000075ea                gapProcessScanningEvt
 .text.gapProcessScanningDirectEvt
                0x00000000000076fa       0xfe E:\VS\ch583_pcb\BLE\LIB\libCH58xBLE.a(gap_central.o)
                0x00000000000076fa                gapProcessScanningDirectEvt
 .text.gapProcessScanningExtAdvEvt
                0x00000000000077f8      0x26a E:\VS\ch583_pcb\BLE\LIB\libCH58xBLE.a(gap_central.o)
                0x00000000000077f8                gapProcessScanningExtAdvEvt
 .text.GAP_CentConnRegister
                0x0000000000007a62       0x1a E:\VS\ch583_pcb\BLE\LIB\libCH58xBLE.a(gap_central.o)
                0x0000000000007a62                GAP_CentConnRegister
 .text.GAP_CentralParamInit
                0x0000000000007a7c       0x6e E:\VS\ch583_pcb\BLE\LIB\libCH58xBLE.a(gap_central.o)
                0x0000000000007a7c                GAP_CentralParamInit
 .text.GAP_CentDevMgrInit
                0x0000000000007aea       0x9c E:\VS\ch583_pcb\BLE\LIB\libCH58xBLE.a(gap_central.o)
                0x0000000000007aea                GAP_CentDevMgrInit
 .text.gapFreeAdvertState
                0x0000000000007b86       0x20 E:\VS\ch583_pcb\BLE\LIB\libCH58xBLE.a(gap_peripheral.o)
 .text.gapSetPeriodicAdvParams
                0x0000000000007ba6       0x30 E:\VS\ch583_pcb\BLE\LIB\libCH58xBLE.a(gap_peripheral.o)
 .text.gapSetAdvParams
                0x0000000000007bd6       0xfc E:\VS\ch583_pcb\BLE\LIB\libCH58xBLE.a(gap_peripheral.o)
 .text.gapPeriProcessConnEvt
                0x0000000000007cd2       0xd0 E:\VS\ch583_pcb\BLE\LIB\libCH58xBLE.a(gap_peripheral.o)
 .text.gapWriteAdvDataStatus
                0x0000000000007da2       0x88 E:\VS\ch583_pcb\BLE\LIB\libCH58xBLE.a(gap_peripheral.o)
 .text.GAP_MakeDiscoverable
                0x0000000000007e2a      0x174 E:\VS\ch583_pcb\BLE\LIB\libCH58xBLE.a(gap_peripheral.o)
                0x0000000000007e2a                GAP_MakeDiscoverable
 .text.GAP_EndDiscoverable
                0x0000000000007f9e       0x66 E:\VS\ch583_pcb\BLE\LIB\libCH58xBLE.a(gap_peripheral.o)
                0x0000000000007f9e                GAP_EndDiscoverable
 .text.gapProcessAdvertisingEvt
                0x0000000000008004      0x116 E:\VS\ch583_pcb\BLE\LIB\libCH58xBLE.a(gap_peripheral.o)
 .text.GAP_MakePeriodic
                0x000000000000811a       0x26 E:\VS\ch583_pcb\BLE\LIB\libCH58xBLE.a(gap_peripheral.o)
                0x000000000000811a                GAP_MakePeriodic
 .text.GAP_EndPeriodic
                0x0000000000008140        0xc E:\VS\ch583_pcb\BLE\LIB\libCH58xBLE.a(gap_peripheral.o)
                0x0000000000008140                GAP_EndPeriodic
 .text.GAP_SetAdvertisingAdvData
                0x000000000000814c      0x102 E:\VS\ch583_pcb\BLE\LIB\libCH58xBLE.a(gap_peripheral.o)
                0x000000000000814c                GAP_SetAdvertisingAdvData
 .text.GAP_SetAdvertisingRspData
                0x000000000000824e      0x102 E:\VS\ch583_pcb\BLE\LIB\libCH58xBLE.a(gap_peripheral.o)
                0x000000000000824e                GAP_SetAdvertisingRspData
 .text.GAP_SetPeriodicAdvertisingData
                0x0000000000008350       0xc6 E:\VS\ch583_pcb\BLE\LIB\libCH58xBLE.a(gap_peripheral.o)
                0x0000000000008350                GAP_SetPeriodicAdvertisingData
 .text.GAP_GetAdvertisingAdvData
                0x0000000000008416       0x26 E:\VS\ch583_pcb\BLE\LIB\libCH58xBLE.a(gap_peripheral.o)
                0x0000000000008416                GAP_GetAdvertisingAdvData
 .text.GAP_GetAdvertisingRspData
                0x000000000000843c       0x34 E:\VS\ch583_pcb\BLE\LIB\libCH58xBLE.a(gap_peripheral.o)
                0x000000000000843c                GAP_GetAdvertisingRspData
 .text.GAP_GetPeriodicAdvertisingData
                0x0000000000008470       0x34 E:\VS\ch583_pcb\BLE\LIB\libCH58xBLE.a(gap_peripheral.o)
                0x0000000000008470                GAP_GetPeriodicAdvertisingData
 .text.GAP_ConfigDeviceAddr
                0x00000000000084a4      0x124 E:\VS\ch583_pcb\BLE\LIB\libCH58xBLE.a(gap_peripheral.o)
                0x00000000000084a4                GAP_ConfigDeviceAddr
 .text.GAP_PeriConnRegister
                0x00000000000085c8       0x2e E:\VS\ch583_pcb\BLE\LIB\libCH58xBLE.a(gap_peripheral.o)
                0x00000000000085c8                GAP_PeriConnRegister
 .text.GAP_PeripheralParamInit
                0x00000000000085f6       0x5e E:\VS\ch583_pcb\BLE\LIB\libCH58xBLE.a(gap_peripheral.o)
                0x00000000000085f6                GAP_PeripheralParamInit
 .text.gapSendMakeDiscEvent
                0x0000000000008654       0x50 E:\VS\ch583_pcb\BLE\LIB\libCH58xBLE.a(gap_peripheral.o)
                0x0000000000008654                gapSendMakeDiscEvent
 .text.gapWriteAdvEnableStatus
                0x00000000000086a4      0x110 E:\VS\ch583_pcb\BLE\LIB\libCH58xBLE.a(gap_peripheral.o)
 .text.gapSendMakePeriodicEvent
                0x00000000000087b4       0x3a E:\VS\ch583_pcb\BLE\LIB\libCH58xBLE.a(gap_peripheral.o)
                0x00000000000087b4                gapSendMakePeriodicEvent
 .text.gapPeriProcessHCICmdCompleteEvt
                0x00000000000087ee      0x18e E:\VS\ch583_pcb\BLE\LIB\libCH58xBLE.a(gap_peripheral.o)
 .text.GAP_PeriDevMgrInit
                0x000000000000897c       0x2e E:\VS\ch583_pcb\BLE\LIB\libCH58xBLE.a(gap_peripheral.o)
                0x000000000000897c                GAP_PeriDevMgrInit
 .text.ggs_SetAttrWPermit
                0x00000000000089aa       0x68 E:\VS\ch583_pcb\BLE\LIB\libCH58xBLE.a(gapgattserver.o)
 .text.ggs_ReadAttrCB
                0x0000000000008a12      0x156 E:\VS\ch583_pcb\BLE\LIB\libCH58xBLE.a(gapgattserver.o)
 .text.ggs_WriteAttrCB
                0x0000000000008b68      0x15c E:\VS\ch583_pcb\BLE\LIB\libCH58xBLE.a(gapgattserver.o)
 .text.GGS_ParamInit
                0x0000000000008cc4      0x23a E:\VS\ch583_pcb\BLE\LIB\libCH58xBLE.a(gapgattserver.o)
                0x0000000000008cc4                GGS_ParamInit
 .text.GGS_SetParameter
                0x0000000000008efe       0xe2 E:\VS\ch583_pcb\BLE\LIB\libCH58xBLE.a(gapgattserver.o)
                0x0000000000008efe                GGS_SetParameter
 .text.GGS_AddService
                0x0000000000008fe0       0x2c E:\VS\ch583_pcb\BLE\LIB\libCH58xBLE.a(gapgattserver.o)
                0x0000000000008fe0                GGS_AddService
 .text.GAP_DeviceInit
                0x000000000000900c       0xd8 E:\VS\ch583_pcb\BLE\LIB\libCH58xBLE.a(gapgattserver.o)
                0x000000000000900c                GAP_DeviceInit
 .text.gattGetPayload
                0x00000000000090e4       0x7e E:\VS\ch583_pcb\BLE\LIB\libCH58xBLE.a(gatt.o)
                0x00000000000090e4                gattGetPayload
 .text.gattNotifyEvent
                0x0000000000009162       0x84 E:\VS\ch583_pcb\BLE\LIB\libCH58xBLE.a(gatt.o)
                0x0000000000009162                gattNotifyEvent
 .text.gattSendFlowCtrlEvt
                0x00000000000091e6       0x52 E:\VS\ch583_pcb\BLE\LIB\libCH58xBLE.a(gatt.o)
                0x00000000000091e6                gattSendFlowCtrlEvt
 .text.gattStartTimer
                0x0000000000009238        0xc E:\VS\ch583_pcb\BLE\LIB\libCH58xBLE.a(gatt.o)
                0x0000000000009238                gattStartTimer
 .text.gattStopTimer
                0x0000000000009244       0x32 E:\VS\ch583_pcb\BLE\LIB\libCH58xBLE.a(gatt.o)
                0x0000000000009244                gattStopTimer
 .text.GATT_AppCompletedMsg
                0x0000000000009276       0x30 E:\VS\ch583_pcb\BLE\LIB\libCH58xBLE.a(gatt.o)
                0x0000000000009276                GATT_AppCompletedMsg
 .text.GATT_NotifyEvent
                0x00000000000092a6       0x56 E:\VS\ch583_pcb\BLE\LIB\libCH58xBLE.a(gatt.o)
                0x00000000000092a6                GATT_NotifyEvent
 .text.gattRegisterServer
                0x00000000000092fc        0x6 E:\VS\ch583_pcb\BLE\LIB\libCH58xBLE.a(gatt.o)
                0x00000000000092fc                gattRegisterServer
 .text.GATT_UpdateMTU
                0x0000000000009302       0x5a E:\VS\ch583_pcb\BLE\LIB\libCH58xBLE.a(gatt.o)
                0x0000000000009302                GATT_UpdateMTU
 .text.GATT_bm_alloc
                0x000000000000935c       0xe8 E:\VS\ch583_pcb\BLE\LIB\libCH58xBLE.a(gatt.o)
                0x000000000000935c                GATT_bm_alloc
 .text.GATT_ServiceChangedInd
                0x0000000000009444       0x94 E:\VS\ch583_pcb\BLE\LIB\libCH58xBLE.a(gatt.o)
                0x0000000000009444                GATT_ServiceChangedInd
 .text.GATT_bm_free
                0x00000000000094d8       0x1c E:\VS\ch583_pcb\BLE\LIB\libCH58xBLE.a(gatt.o)
                0x00000000000094d8                GATT_bm_free
 .text.GATT_Init
                0x00000000000094f4       0x2a E:\VS\ch583_pcb\BLE\LIB\libCH58xBLE.a(gatt.o)
                0x00000000000094f4                GATT_Init
 .text.GATT_ProcessEvent
                0x000000000000951e      0x13a E:\VS\ch583_pcb\BLE\LIB\libCH58xBLE.a(gatt.o)
                0x000000000000951e                GATT_ProcessEvent
 .text.gattProcessExchangeMTUReq
                0x0000000000009658        0x4 E:\VS\ch583_pcb\BLE\LIB\libCH58xBLE.a(gattservapp.o)
 .text.gattServApp_FindCharCfgItem
                0x000000000000965c       0x24 E:\VS\ch583_pcb\BLE\LIB\libCH58xBLE.a(gattservapp.o)
 .text.gattServerHandleTimerCB
                0x0000000000009680       0x3c E:\VS\ch583_pcb\BLE\LIB\libCH58xBLE.a(gattservapp.o)
 .text.GATTServApp_InitCharCfg.part.12
                0x00000000000096bc       0x20 E:\VS\ch583_pcb\BLE\LIB\libCH58xBLE.a(gattservapp.o)
 .text.gattProcessExecuteWriteReq
                0x00000000000096dc        0x4 E:\VS\ch583_pcb\BLE\LIB\libCH58xBLE.a(gattservapp.o)
 .text.GATTServApp_ParamInit
                0x00000000000096e0       0xd6 E:\VS\ch583_pcb\BLE\LIB\libCH58xBLE.a(gattservapp.o)
                0x00000000000096e0                GATTServApp_ParamInit
 .text.GATTServApp_ReadCharCfg
                0x00000000000097b6       0x18 E:\VS\ch583_pcb\BLE\LIB\libCH58xBLE.a(gattservapp.o)
                0x00000000000097b6                GATTServApp_ReadCharCfg
 .text.GATTServApp_WriteCharCfg
                0x00000000000097ce       0x3c E:\VS\ch583_pcb\BLE\LIB\libCH58xBLE.a(gattservapp.o)
                0x00000000000097ce                GATTServApp_WriteCharCfg
 .text.GATTServApp_ProcessCCCWriteReq
                0x000000000000980a       0x60 E:\VS\ch583_pcb\BLE\LIB\libCH58xBLE.a(gattservapp.o)
                0x000000000000980a                GATTServApp_ProcessCCCWriteReq
 .text.gattServApp_WriteAttrCB
                0x000000000000986a       0x34 E:\VS\ch583_pcb\BLE\LIB\libCH58xBLE.a(gattservapp.o)
                0x000000000000986a                gattServApp_WriteAttrCB
 .text.GATTServApp_SendCCCUpdatedEvent
                0x000000000000989e       0x5e E:\VS\ch583_pcb\BLE\LIB\libCH58xBLE.a(gattservapp.o)
                0x000000000000989e                GATTServApp_SendCCCUpdatedEvent
 .text.GATTServApp_SendServiceChangedInd
                0x00000000000098fc       0x36 E:\VS\ch583_pcb\BLE\LIB\libCH58xBLE.a(gattservapp.o)
                0x00000000000098fc                GATTServApp_SendServiceChangedInd
 .text.gattServApp_ClearPrepareWriteQ
                0x0000000000009932       0x50 E:\VS\ch583_pcb\BLE\LIB\libCH58xBLE.a(gattservapp.o)
                0x0000000000009932                gattServApp_ClearPrepareWriteQ
 .text.gattServApp_FindPrepareWriteQ
                0x0000000000009982       0x30 E:\VS\ch583_pcb\BLE\LIB\libCH58xBLE.a(gattservapp.o)
                0x0000000000009982                gattServApp_FindPrepareWriteQ
 .text.gattServApp_FindServiceCBs
                0x00000000000099b2       0x18 E:\VS\ch583_pcb\BLE\LIB\libCH58xBLE.a(gattservapp.o)
                0x00000000000099b2                gattServApp_FindServiceCBs
 .text.gattServApp_FindAuthorizeAttrCB
                0x00000000000099ca       0x16 E:\VS\ch583_pcb\BLE\LIB\libCH58xBLE.a(gattservapp.o)
                0x00000000000099ca                gattServApp_FindAuthorizeAttrCB
 .text.gattServApp_IsWriteLong
                0x00000000000099e0       0xea E:\VS\ch583_pcb\BLE\LIB\libCH58xBLE.a(gattservapp.o)
                0x00000000000099e0                gattServApp_IsWriteLong
 .text.gattFindService
                0x0000000000009aca       0x1c E:\VS\ch583_pcb\BLE\LIB\libCH58xBLE.a(gattservapp.o)
                0x0000000000009aca                gattFindService
 .text.GATT_ServiceNumAttrs
                0x0000000000009ae6       0x18 E:\VS\ch583_pcb\BLE\LIB\libCH58xBLE.a(gattservapp.o)
                0x0000000000009ae6                GATT_ServiceNumAttrs
 .text.GATT_ServiceEncKeySize
                0x0000000000009afe       0x18 E:\VS\ch583_pcb\BLE\LIB\libCH58xBLE.a(gattservapp.o)
                0x0000000000009afe                GATT_ServiceEncKeySize
 .text.GATT_VerifyWritePermissions.part.7
                0x0000000000009b16       0x2e E:\VS\ch583_pcb\BLE\LIB\libCH58xBLE.a(gattservapp.o)
 .text.gattResetServerInfo
                0x0000000000009b44       0x1c E:\VS\ch583_pcb\BLE\LIB\libCH58xBLE.a(gattservapp.o)
                0x0000000000009b44                gattResetServerInfo
 .text.gattFindServerInfo
                0x0000000000009b60       0x2c E:\VS\ch583_pcb\BLE\LIB\libCH58xBLE.a(gattservapp.o)
                0x0000000000009b60                gattFindServerInfo
 .text.gattServerHandleConnStatusCB
                0x0000000000009b8c       0x98 E:\VS\ch583_pcb\BLE\LIB\libCH58xBLE.a(gattservapp.o)
                0x0000000000009b8c                gattServerHandleConnStatusCB
 .text.gattServerProcessMsgCB
                0x0000000000009c24      0x1c0 E:\VS\ch583_pcb\BLE\LIB\libCH58xBLE.a(gattservapp.o)
                0x0000000000009c24                gattServerProcessMsgCB
 .text.gattServerNotifyTxCB
                0x0000000000009de4       0x28 E:\VS\ch583_pcb\BLE\LIB\libCH58xBLE.a(gattservapp.o)
 .text.GATT_FindHandle
                0x0000000000009e0c       0x4a E:\VS\ch583_pcb\BLE\LIB\libCH58xBLE.a(gattservapp.o)
                0x0000000000009e0c                GATT_FindHandle
 .text.GATTServApp_WriteAttr
                0x0000000000009e56       0xa8 E:\VS\ch583_pcb\BLE\LIB\libCH58xBLE.a(gattservapp.o)
                0x0000000000009e56                GATTServApp_WriteAttr
 .text.gattServApp_ProcessExecuteWriteReq
                0x0000000000009efe      0x100 E:\VS\ch583_pcb\BLE\LIB\libCH58xBLE.a(gattservapp.o)
                0x0000000000009efe                gattServApp_ProcessExecuteWriteReq
 .text.GATTServApp_UpdateCharCfg
                0x0000000000009ffe       0x1e E:\VS\ch583_pcb\BLE\LIB\libCH58xBLE.a(gattservapp.o)
                0x0000000000009ffe                GATTServApp_UpdateCharCfg
 .text.gattServApp_ProcessPrepareWriteReq
                0x000000000000a01c      0x10e E:\VS\ch583_pcb\BLE\LIB\libCH58xBLE.a(gattservapp.o)
                0x000000000000a01c                gattServApp_ProcessPrepareWriteReq
 .text.gattServApp_ProcessWriteReq
                0x000000000000a12a       0xb0 E:\VS\ch583_pcb\BLE\LIB\libCH58xBLE.a(gattservapp.o)
                0x000000000000a12a                gattServApp_ProcessWriteReq
 .text.GATT_Indication
                0x000000000000a1da       0xa4 E:\VS\ch583_pcb\BLE\LIB\libCH58xBLE.a(gattservapp.o)
                0x000000000000a1da                GATT_Indication
 .text.GATT_FindHandleUUID
                0x000000000000a27e       0x94 E:\VS\ch583_pcb\BLE\LIB\libCH58xBLE.a(gattservapp.o)
                0x000000000000a27e                GATT_FindHandleUUID
 .text.gattProcessReadByGrpTypeReq
                0x000000000000a312       0x60 E:\VS\ch583_pcb\BLE\LIB\libCH58xBLE.a(gattservapp.o)
 .text.gattProcessReadByTypeReq
                0x000000000000a372       0x34 E:\VS\ch583_pcb\BLE\LIB\libCH58xBLE.a(gattservapp.o)
 .text.gattProcessFindByTypeValueReq
                0x000000000000a3a6       0x34 E:\VS\ch583_pcb\BLE\LIB\libCH58xBLE.a(gattservapp.o)
 .text.gattProcessFindInfoReq
                0x000000000000a3da      0x1aa E:\VS\ch583_pcb\BLE\LIB\libCH58xBLE.a(gattservapp.o)
 .text.GATT_Notification
                0x000000000000a584       0x70 E:\VS\ch583_pcb\BLE\LIB\libCH58xBLE.a(gattservapp.o)
                0x000000000000a584                GATT_Notification
 .text.GATT_VerifyWritePermissions
                0x000000000000a5f4       0x6a E:\VS\ch583_pcb\BLE\LIB\libCH58xBLE.a(gattservapp.o)
                0x000000000000a5f4                GATT_VerifyWritePermissions
 .text.gattProcessWriteReq
                0x000000000000a65e       0x36 E:\VS\ch583_pcb\BLE\LIB\libCH58xBLE.a(gattservapp.o)
 .text.GATT_VerifyPrepareWritePermissions
                0x000000000000a694       0x56 E:\VS\ch583_pcb\BLE\LIB\libCH58xBLE.a(gattservapp.o)
                0x000000000000a694                GATT_VerifyPrepareWritePermissions
 .text.gattProcessPrepareWriteReq
                0x000000000000a6ea       0x36 E:\VS\ch583_pcb\BLE\LIB\libCH58xBLE.a(gattservapp.o)
 .text.GATT_FindNextAttr
                0x000000000000a720       0xc2 E:\VS\ch583_pcb\BLE\LIB\libCH58xBLE.a(gattservapp.o)
                0x000000000000a720                GATT_FindNextAttr
 .text.GATTServApp_ReadAttr
                0x000000000000a7e2      0x2ea E:\VS\ch583_pcb\BLE\LIB\libCH58xBLE.a(gattservapp.o)
                0x000000000000a7e2                GATTServApp_ReadAttr
 .text.gattServApp_ProcessReadMultiReq
                0x000000000000aacc      0x16e E:\VS\ch583_pcb\BLE\LIB\libCH58xBLE.a(gattservapp.o)
                0x000000000000aacc                gattServApp_ProcessReadMultiReq
 .text.gattServApp_ProcessFindByTypeValueReq
                0x000000000000ac3a      0x1a0 E:\VS\ch583_pcb\BLE\LIB\libCH58xBLE.a(gattservapp.o)
                0x000000000000ac3a                gattServApp_ProcessFindByTypeValueReq
 .text.GATT_VerifyReadPermissions
                0x000000000000adda       0x68 E:\VS\ch583_pcb\BLE\LIB\libCH58xBLE.a(gattservapp.o)
                0x000000000000adda                GATT_VerifyReadPermissions
 .text.gattProcessReadMultiReq
                0x000000000000ae42       0xae E:\VS\ch583_pcb\BLE\LIB\libCH58xBLE.a(gattservapp.o)
 .text.gattProcessReadReq
                0x000000000000aef0       0x30 E:\VS\ch583_pcb\BLE\LIB\libCH58xBLE.a(gattservapp.o)
 .text.gattServApp_ProcessReadByGrpTypeReq
                0x000000000000af20      0x21c E:\VS\ch583_pcb\BLE\LIB\libCH58xBLE.a(gattservapp.o)
                0x000000000000af20                gattServApp_ProcessReadByGrpTypeReq
 .text.gattServApp_ProcessReadByTypeReq
                0x000000000000b13c      0x1ae E:\VS\ch583_pcb\BLE\LIB\libCH58xBLE.a(gattservapp.o)
                0x000000000000b13c                gattServApp_ProcessReadByTypeReq
 .text.GATT_RegisterService
                0x000000000000b2ea      0x100 E:\VS\ch583_pcb\BLE\LIB\libCH58xBLE.a(gattservapp.o)
                0x000000000000b2ea                GATT_RegisterService
 .text.GATTServApp_RegisterService
                0x000000000000b3ea       0x7c E:\VS\ch583_pcb\BLE\LIB\libCH58xBLE.a(gattservapp.o)
                0x000000000000b3ea                GATTServApp_RegisterService
 .text.GATTServApp_AddService
                0x000000000000b466       0x2c E:\VS\ch583_pcb\BLE\LIB\libCH58xBLE.a(gattservapp.o)
                0x000000000000b466                GATTServApp_AddService
 .text.GATTServApp_RegisterForMsg
                0x000000000000b492        0x6 E:\VS\ch583_pcb\BLE\LIB\libCH58xBLE.a(gattservapp.o)
                0x000000000000b492                GATTServApp_RegisterForMsg
 .text.GATTServApp_InitCharCfg
                0x000000000000b498       0x28 E:\VS\ch583_pcb\BLE\LIB\libCH58xBLE.a(gattservapp.o)
                0x000000000000b498                GATTServApp_InitCharCfg
 .text.gattServApp_HandleConnStatusCB
                0x000000000000b4c0       0x74 E:\VS\ch583_pcb\BLE\LIB\libCH58xBLE.a(gattservapp.o)
                0x000000000000b4c0                gattServApp_HandleConnStatusCB
 .text.GATT_InitServer
                0x000000000000b534       0xfa E:\VS\ch583_pcb\BLE\LIB\libCH58xBLE.a(gattservapp.o)
                0x000000000000b534                GATT_InitServer
 .text.GATTServApp_Init
                0x000000000000b62e       0x34 E:\VS\ch583_pcb\BLE\LIB\libCH58xBLE.a(gattservapp.o)
                0x000000000000b62e                GATTServApp_Init
 .text.GATTServApp_ProcessEvent
                0x000000000000b662      0x36a E:\VS\ch583_pcb\BLE\LIB\libCH58xBLE.a(gattservapp.o)
                0x000000000000b662                GATTServApp_ProcessEvent
 .text.l2capAllocConnChannel
                0x000000000000b9cc       0xe0 E:\VS\ch583_pcb\BLE\LIB\libCH58xBLE.a(l2cap.o)
                0x000000000000b9cc                l2capAllocConnChannel
 .text.l2capFindLocalCID
                0x000000000000baac       0x2c E:\VS\ch583_pcb\BLE\LIB\libCH58xBLE.a(l2cap.o)
                0x000000000000baac                l2capFindLocalCID
 .text.l2capFindLocalId
                0x000000000000bad8       0x30 E:\VS\ch583_pcb\BLE\LIB\libCH58xBLE.a(l2cap.o)
                0x000000000000bad8                l2capFindLocalId
 .text.l2capFindPsm
                0x000000000000bb08       0x30 E:\VS\ch583_pcb\BLE\LIB\libCH58xBLE.a(l2cap.o)
                0x000000000000bb08                l2capFindPsm
 .text.l2capFindRemoteCID
                0x000000000000bb38       0x3c E:\VS\ch583_pcb\BLE\LIB\libCH58xBLE.a(l2cap.o)
                0x000000000000bb38                l2capFindRemoteCID
 .text.l2capFreeChannel
                0x000000000000bb74       0x4e E:\VS\ch583_pcb\BLE\LIB\libCH58xBLE.a(l2cap.o)
                0x000000000000bb74                l2capFreeChannel
 .text.l2capDisconnectChannel
                0x000000000000bbc2       0x28 E:\VS\ch583_pcb\BLE\LIB\libCH58xBLE.a(l2cap.o)
                0x000000000000bbc2                l2capDisconnectChannel
 .text.l2capHandleTimerCB
                0x000000000000bbea       0x2c E:\VS\ch583_pcb\BLE\LIB\libCH58xBLE.a(l2cap.o)
                0x000000000000bbea                l2capHandleTimerCB
 .text.l2capFreePendingPkt
                0x000000000000bc16       0x58 E:\VS\ch583_pcb\BLE\LIB\libCH58xBLE.a(l2cap.o)
                0x000000000000bc16                l2capFreePendingPkt
 .text.l2capGetCoChannelInfo
                0x000000000000bc6e       0x86 E:\VS\ch583_pcb\BLE\LIB\libCH58xBLE.a(l2cap.o)
                0x000000000000bc6e                l2capGetCoChannelInfo
 .text.l2capNumActiveChannnels
                0x000000000000bcf4       0x48 E:\VS\ch583_pcb\BLE\LIB\libCH58xBLE.a(l2cap.o)
                0x000000000000bcf4                l2capNumActiveChannnels
 .text.l2capStartTimer
                0x000000000000bd3c       0x1a E:\VS\ch583_pcb\BLE\LIB\libCH58xBLE.a(l2cap.o)
                0x000000000000bd3c                l2capStartTimer
 .text.l2capStopTimer
                0x000000000000bd56       0x1e E:\VS\ch583_pcb\BLE\LIB\libCH58xBLE.a(l2cap.o)
                0x000000000000bd56                l2capStopTimer
 .text.l2capDisconnectAllChannels
                0x000000000000bd74       0xdc E:\VS\ch583_pcb\BLE\LIB\libCH58xBLE.a(l2cap.o)
                0x000000000000bd74                l2capDisconnectAllChannels
 .text.l2capHandleConnStatusCB
                0x000000000000be50       0x3c E:\VS\ch583_pcb\BLE\LIB\libCH58xBLE.a(l2cap.o)
                0x000000000000be50                l2capHandleConnStatusCB
 .text.l2capHandleRxError
                0x000000000000be8c        0x6 E:\VS\ch583_pcb\BLE\LIB\libCH58xBLE.a(l2cap.o)
                0x000000000000be8c                l2capHandleRxError
 .text.L2CAP_GetMTU
                0x000000000000be92        0x6 E:\VS\ch583_pcb\BLE\LIB\libCH58xBLE.a(l2cap.o)
                0x000000000000be92                L2CAP_GetMTU
 .text.L2CAP_HostNumCompletedPkts
                0x000000000000be98       0x28 E:\VS\ch583_pcb\BLE\LIB\libCH58xBLE.a(l2cap.o)
                0x000000000000be98                L2CAP_HostNumCompletedPkts
 .text.L2CAP_ParseConnectReq
                0x000000000000bec0       0x5e E:\VS\ch583_pcb\BLE\LIB\libCH58xBLE.a(l2cap.o)
                0x000000000000bec0                L2CAP_ParseConnectReq
 .text.L2CAP_ParseFlowCtrlCredit
                0x000000000000bf1e       0x2e E:\VS\ch583_pcb\BLE\LIB\libCH58xBLE.a(l2cap.o)
                0x000000000000bf1e                L2CAP_ParseFlowCtrlCredit
 .text.L2CAP_RegisterApp
                0x000000000000bf4c       0x30 E:\VS\ch583_pcb\BLE\LIB\libCH58xBLE.a(l2cap.o)
                0x000000000000bf4c                L2CAP_RegisterApp
 .text.L2CAP_SetBufSize
                0x000000000000bf7c       0x1e E:\VS\ch583_pcb\BLE\LIB\libCH58xBLE.a(l2cap.o)
                0x000000000000bf7c                L2CAP_SetBufSize
 .text.L2CAP_bm_alloc
                0x000000000000bf9a       0x2a E:\VS\ch583_pcb\BLE\LIB\libCH58xBLE.a(l2cap.o)
                0x000000000000bf9a                L2CAP_bm_alloc
 .text.L2CAP_Init
                0x000000000000bfc4      0x118 E:\VS\ch583_pcb\BLE\LIB\libCH58xBLE.a(l2cap.o)
                0x000000000000bfc4                L2CAP_Init
 .text.L2CAP_ProcessEvent
                0x000000000000c0dc       0xd4 E:\VS\ch583_pcb\BLE\LIB\libCH58xBLE.a(l2cap.o)
                0x000000000000c0dc                L2CAP_ProcessEvent
 .text.l2capParseCmdReject
                0x000000000000c1b0       0x5e E:\VS\ch583_pcb\BLE\LIB\libCH58xBLE.a(l2cap_input.o)
                0x000000000000c1b0                l2capParseCmdReject
 .text.l2capParseDisconnectReq
                0x000000000000c20e       0x2e E:\VS\ch583_pcb\BLE\LIB\libCH58xBLE.a(l2cap_input.o)
                0x000000000000c20e                l2capParseDisconnectReq
 .text.l2capParseDisconnectRsp
                0x000000000000c23c       0x2e E:\VS\ch583_pcb\BLE\LIB\libCH58xBLE.a(l2cap_input.o)
                0x000000000000c23c                l2capParseDisconnectRsp
 .text.L2CAP_ParseParamUpdateReq
                0x000000000000c26a       0x4e E:\VS\ch583_pcb\BLE\LIB\libCH58xBLE.a(l2cap_input.o)
                0x000000000000c26a                L2CAP_ParseParamUpdateReq
 .text.l2capParseParamUpdateRsp
                0x000000000000c2b8       0x1e E:\VS\ch583_pcb\BLE\LIB\libCH58xBLE.a(l2cap_input.o)
                0x000000000000c2b8                l2capParseParamUpdateRsp
 .text.l2capProcessConnectReq
                0x000000000000c2d6       0xfc E:\VS\ch583_pcb\BLE\LIB\libCH58xBLE.a(l2cap_input.o)
                0x000000000000c2d6                l2capProcessConnectReq
 .text.l2capParseConnectRsp
                0x000000000000c3d2       0x5e E:\VS\ch583_pcb\BLE\LIB\libCH58xBLE.a(l2cap_input.o)
                0x000000000000c3d2                l2capParseConnectRsp
 .text.l2capParseSignalHdr
                0x000000000000c430       0x22 E:\VS\ch583_pcb\BLE\LIB\libCH58xBLE.a(l2cap_input.o)
                0x000000000000c430                l2capParseSignalHdr
 .text.l2capParsePacket
                0x000000000000c452       0x8c E:\VS\ch583_pcb\BLE\LIB\libCH58xBLE.a(l2cap_input.o)
                0x000000000000c452                l2capParsePacket
 .text.l2capProcessReq
                0x000000000000c4de      0x15e E:\VS\ch583_pcb\BLE\LIB\libCH58xBLE.a(l2cap_input.o)
                0x000000000000c4de                l2capProcessReq
 .text.l2capProcessRsp
                0x000000000000c63c      0x150 E:\VS\ch583_pcb\BLE\LIB\libCH58xBLE.a(l2cap_input.o)
                0x000000000000c63c                l2capProcessRsp
 .text.l2capProcessRxData
                0x000000000000c78c       0xf8 E:\VS\ch583_pcb\BLE\LIB\libCH58xBLE.a(l2cap_input.o)
                0x000000000000c78c                l2capProcessRxData
 .text.l2capNotifyData
                0x000000000000c884       0x5e E:\VS\ch583_pcb\BLE\LIB\libCH58xBLE.a(l2cap_output.o)
                0x000000000000c884                l2capNotifyData
 .text.l2capNotifySignal
                0x000000000000c8e2       0x7a E:\VS\ch583_pcb\BLE\LIB\libCH58xBLE.a(l2cap_output.o)
                0x000000000000c8e2                l2capNotifySignal
 .text.l2capNotifyCreditEvt
                0x000000000000c95c       0xa4 E:\VS\ch583_pcb\BLE\LIB\libCH58xBLE.a(l2cap_output.o)
                0x000000000000c95c                l2capNotifyCreditEvt
 .text.l2capNotifyChannelEstEvt
                0x000000000000ca00       0x5c E:\VS\ch583_pcb\BLE\LIB\libCH58xBLE.a(l2cap_output.o)
                0x000000000000ca00                l2capNotifyChannelEstEvt
 .text.l2capNotifyChannelTermEvt
                0x000000000000ca5c       0x3e E:\VS\ch583_pcb\BLE\LIB\libCH58xBLE.a(l2cap_output.o)
                0x000000000000ca5c                l2capNotifyChannelTermEvt
 .text.l2capNotifyEvent
                0x000000000000ca9a       0x66 E:\VS\ch583_pcb\BLE\LIB\libCH58xBLE.a(l2cap_output.o)
                0x000000000000ca9a                l2capNotifyEvent
 .text.l2capStoreFCPkt
                0x000000000000cb00       0x32 E:\VS\ch583_pcb\BLE\LIB\libCH58xBLE.a(l2cap_output.o)
                0x000000000000cb00                l2capStoreFCPkt
 .text.l2capFreeTxSDU
                0x000000000000cb32       0x9e E:\VS\ch583_pcb\BLE\LIB\libCH58xBLE.a(l2cap_output.o)
                0x000000000000cb32                l2capFreeTxSDU
 .text.l2capReassembleSegment
                0x000000000000cbd0      0x178 E:\VS\ch583_pcb\BLE\LIB\libCH58xBLE.a(l2cap_output.o)
                0x000000000000cbd0                l2capReassembleSegment
 .text.l2capEncapSendData
                0x000000000000cd48       0xf0 E:\VS\ch583_pcb\BLE\LIB\libCH58xBLE.a(l2cap_output.o)
                0x000000000000cd48                l2capEncapSendData
 .text.l2capSendFCPkt.part.3
                0x000000000000ce38       0x70 E:\VS\ch583_pcb\BLE\LIB\libCH58xBLE.a(l2cap_output.o)
 .text.l2capSendSegment
                0x000000000000cea8      0x108 E:\VS\ch583_pcb\BLE\LIB\libCH58xBLE.a(l2cap_output.o)
                0x000000000000cea8                l2capSendSegment
 .text.l2capSendNextSegment
                0x000000000000cfb0       0xb4 E:\VS\ch583_pcb\BLE\LIB\libCH58xBLE.a(l2cap_output.o)
                0x000000000000cfb0                l2capSendNextSegment
 .text.l2capSendPkt
                0x000000000000d064       0x3a E:\VS\ch583_pcb\BLE\LIB\libCH58xBLE.a(l2cap_output.o)
                0x000000000000d064                l2capSendPkt
 .text.L2CAP_SendData
                0x000000000000d09e       0x82 E:\VS\ch583_pcb\BLE\LIB\libCH58xBLE.a(l2cap_output.o)
                0x000000000000d09e                L2CAP_SendData
 .text.l2capSendCmd
                0x000000000000d120       0x8a E:\VS\ch583_pcb\BLE\LIB\libCH58xBLE.a(l2cap_output.o)
                0x000000000000d120                l2capSendCmd
 .text.l2capSendReq
                0x000000000000d1aa       0xc8 E:\VS\ch583_pcb\BLE\LIB\libCH58xBLE.a(l2cap_output.o)
                0x000000000000d1aa                l2capSendReq
 .text.l2capBuildDisconnectReq
                0x000000000000d272       0x28 E:\VS\ch583_pcb\BLE\LIB\libCH58xBLE.a(l2cap_sdu.o)
 .text.l2capBuildParamUpdateReq
                0x000000000000d29a       0x4c E:\VS\ch583_pcb\BLE\LIB\libCH58xBLE.a(l2cap_sdu.o)
 .text.l2capBuildParamUpdateRsp
                0x000000000000d2e6       0x16 E:\VS\ch583_pcb\BLE\LIB\libCH58xBLE.a(l2cap_sdu.o)
 .text.l2capBuildConnectRsp
                0x000000000000d2fc       0x5e E:\VS\ch583_pcb\BLE\LIB\libCH58xBLE.a(l2cap_sdu.o)
 .text.l2capBuildCmdReject
                0x000000000000d35a       0x62 E:\VS\ch583_pcb\BLE\LIB\libCH58xBLE.a(l2cap_sdu.o)
                0x000000000000d35a                l2capBuildCmdReject
 .text.l2capBuildDisconnectRsp
                0x000000000000d3bc       0x28 E:\VS\ch583_pcb\BLE\LIB\libCH58xBLE.a(l2cap_sdu.o)
                0x000000000000d3bc                l2capBuildDisconnectRsp
 .text.l2capSendConnectRsp
                0x000000000000d3e4       0xaa E:\VS\ch583_pcb\BLE\LIB\libCH58xBLE.a(l2cap_sdu.o)
                0x000000000000d3e4                l2capSendConnectRsp
 .text.L2CAP_CmdReject
                0x000000000000d48e       0x12 E:\VS\ch583_pcb\BLE\LIB\libCH58xBLE.a(l2cap_sdu.o)
                0x000000000000d48e                L2CAP_CmdReject
 .text.L2CAP_DisconnectReq
                0x000000000000d4a0       0x2a E:\VS\ch583_pcb\BLE\LIB\libCH58xBLE.a(l2cap_sdu.o)
                0x000000000000d4a0                L2CAP_DisconnectReq
 .text.L2CAP_ConnParamUpdateReq
                0x000000000000d4ca       0x16 E:\VS\ch583_pcb\BLE\LIB\libCH58xBLE.a(l2cap_sdu.o)
                0x000000000000d4ca                L2CAP_ConnParamUpdateReq
 .text.L2CAP_ConnParamUpdateRsp
                0x000000000000d4e0       0x12 E:\VS\ch583_pcb\BLE\LIB\libCH58xBLE.a(l2cap_sdu.o)
                0x000000000000d4e0                L2CAP_ConnParamUpdateRsp
 .text.reportStatusChange
                0x000000000000d4f2       0x3e E:\VS\ch583_pcb\BLE\LIB\libCH58xBLE.a(linkdb.o)
 .text.linkDB_Init
                0x000000000000d530       0xa8 E:\VS\ch583_pcb\BLE\LIB\libCH58xBLE.a(linkdb.o)
                0x000000000000d530                linkDB_Init
 .text.linkDB_Find
                0x000000000000d5d8       0x34 E:\VS\ch583_pcb\BLE\LIB\libCH58xBLE.a(linkdb.o)
                0x000000000000d5d8                linkDB_Find
 .text.linkDB_Authen
                0x000000000000d60c       0x5c E:\VS\ch583_pcb\BLE\LIB\libCH58xBLE.a(linkdb.o)
                0x000000000000d60c                linkDB_Authen
 .text.linkDB_FindByAddr
                0x000000000000d668       0x82 E:\VS\ch583_pcb\BLE\LIB\libCH58xBLE.a(linkdb.o)
                0x000000000000d668                linkDB_FindByAddr
 .text.linkDB_FindFirst
                0x000000000000d6ea       0x40 E:\VS\ch583_pcb\BLE\LIB\libCH58xBLE.a(linkdb.o)
                0x000000000000d6ea                linkDB_FindFirst
 .text.linkDB_MTU
                0x000000000000d72a       0x18 E:\VS\ch583_pcb\BLE\LIB\libCH58xBLE.a(linkdb.o)
                0x000000000000d72a                linkDB_MTU
 .text.linkDB_NumActive
                0x000000000000d742       0x36 E:\VS\ch583_pcb\BLE\LIB\libCH58xBLE.a(linkdb.o)
                0x000000000000d742                linkDB_NumActive
 .text.linkDB_NumConns
                0x000000000000d778        0xa E:\VS\ch583_pcb\BLE\LIB\libCH58xBLE.a(linkdb.o)
                0x000000000000d778                linkDB_NumConns
 .text.linkDB_Register
                0x000000000000d782       0x28 E:\VS\ch583_pcb\BLE\LIB\libCH58xBLE.a(linkdb.o)
                0x000000000000d782                linkDB_Register
 .text.linkDB_Remove
                0x000000000000d7aa       0x4c E:\VS\ch583_pcb\BLE\LIB\libCH58xBLE.a(linkdb.o)
                0x000000000000d7aa                linkDB_Remove
 .text.linkDB_Role
                0x000000000000d7f6       0x18 E:\VS\ch583_pcb\BLE\LIB\libCH58xBLE.a(linkdb.o)
                0x000000000000d7f6                linkDB_Role
 .text.linkDB_State
                0x000000000000d80e       0x30 E:\VS\ch583_pcb\BLE\LIB\libCH58xBLE.a(linkdb.o)
                0x000000000000d80e                linkDB_State
 .text.linkDB_UpdateMTU
                0x000000000000d83e       0x28 E:\VS\ch583_pcb\BLE\LIB\libCH58xBLE.a(linkdb.o)
                0x000000000000d83e                linkDB_UpdateMTU
 .text.linkDB_PerformFunc
                0x000000000000d866       0x5a E:\VS\ch583_pcb\BLE\LIB\libCH58xBLE.a(linkdb.o)
                0x000000000000d866                linkDB_PerformFunc
 .text.linkDB_PeripheralLinkNum
                0x000000000000d8c0       0x46 E:\VS\ch583_pcb\BLE\LIB\libCH58xBLE.a(linkdb.o)
                0x000000000000d8c0                linkDB_PeripheralLinkNum
 .text.linkDB_GetSMEvtID
                0x000000000000d906       0x60 E:\VS\ch583_pcb\BLE\LIB\libCH58xBLE.a(linkdb.o)
                0x000000000000d906                linkDB_GetSMEvtID
 .text.linkDB_Add
                0x000000000000d966       0xb2 E:\VS\ch583_pcb\BLE\LIB\libCH58xBLE.a(linkdb.o)
                0x000000000000d966                linkDB_Add
 .text.linkDB_GetHandleFromSMEvtID
                0x000000000000da18       0x3a E:\VS\ch583_pcb\BLE\LIB\libCH58xBLE.a(linkdb.o)
                0x000000000000da18                linkDB_GetHandleFromSMEvtID
 .text.linkDB_GetPairingParam
                0x000000000000da52       0x76 E:\VS\ch583_pcb\BLE\LIB\libCH58xBLE.a(linkdb.o)
                0x000000000000da52                linkDB_GetPairingParam
 .text.linkDB_NeedSendKey
                0x000000000000dac8       0x4c E:\VS\ch583_pcb\BLE\LIB\libCH58xBLE.a(linkdb.o)
                0x000000000000dac8                linkDB_NeedSendKey
 .text.smStartRspTimer
                0x000000000000db14       0x3a E:\VS\ch583_pcb\BLE\LIB\libCH58xBLE.a(sm.o)
 .text.smStartEncryption
                0x000000000000db4e       0xa0 E:\VS\ch583_pcb\BLE\LIB\libCH58xBLE.a(sm.o)
 .text.smFreePairingParams
                0x000000000000dbee       0x7e E:\VS\ch583_pcb\BLE\LIB\libCH58xBLE.a(sm.o)
                0x000000000000dbee                smFreePairingParams
 .text.smEndPairing
                0x000000000000dc6c       0x60 E:\VS\ch583_pcb\BLE\LIB\libCH58xBLE.a(sm.o)
                0x000000000000dc6c                smEndPairing
 .text.smLinkCheck
                0x000000000000dccc       0x34 E:\VS\ch583_pcb\BLE\LIB\libCH58xBLE.a(sm.o)
                0x000000000000dccc                smLinkCheck
 .text.smNextPairingState
                0x000000000000dd00       0x58 E:\VS\ch583_pcb\BLE\LIB\libCH58xBLE.a(sm.o)
                0x000000000000dd00                smNextPairingState
 .text.smProcessEncryptChange
                0x000000000000dd58       0xf0 E:\VS\ch583_pcb\BLE\LIB\libCH58xBLE.a(sm.o)
                0x000000000000dd58                smProcessEncryptChange
 .text.smSendSMMsg
                0x000000000000de48       0x5c E:\VS\ch583_pcb\BLE\LIB\libCH58xBLE.a(sm.o)
                0x000000000000de48                smSendSMMsg
 .text.smSendFailAndEnd
                0x000000000000dea4       0x38 E:\VS\ch583_pcb\BLE\LIB\libCH58xBLE.a(sm.o)
                0x000000000000dea4                smSendFailAndEnd
 .text.smProcessPairingReq
                0x000000000000dedc       0x3c E:\VS\ch583_pcb\BLE\LIB\libCH58xBLE.a(sm.o)
                0x000000000000dedc                smProcessPairingReq
 .text.smSetPairingReqRsp
                0x000000000000df18       0x3c E:\VS\ch583_pcb\BLE\LIB\libCH58xBLE.a(sm.o)
                0x000000000000df18                smSetPairingReqRsp
 .text.SM_StartEncryption
                0x000000000000df54       0x16 E:\VS\ch583_pcb\BLE\LIB\libCH58xBLE.a(sm.o)
                0x000000000000df54                SM_StartEncryption
 .text.sm_dhkey
                0x000000000000df6a       0x3e E:\VS\ch583_pcb\BLE\LIB\libCH58xBLE.a(sm.o)
                0x000000000000df6a                sm_dhkey
 .text.sm_c1    0x000000000000dfa8       0xb4 E:\VS\ch583_pcb\BLE\LIB\libCH58xBLE.a(sm.o)
                0x000000000000dfa8                sm_c1
 .text.smDetermineKeySize
                0x000000000000e05c       0x20 E:\VS\ch583_pcb\BLE\LIB\libCH58xBLE.a(sm.o)
                0x000000000000e05c                smDetermineKeySize
 .text.smpParsePairingReq
                0x000000000000e07c      0x118 E:\VS\ch583_pcb\BLE\LIB\libCH58xBLE.a(sm.o)
                0x000000000000e07c                smpParsePairingReq
 .text.smpParseEncInfo
                0x000000000000e194       0x2a E:\VS\ch583_pcb\BLE\LIB\libCH58xBLE.a(sm.o)
                0x000000000000e194                smpParseEncInfo
 .text.smpParseIdentityAddrInfo
                0x000000000000e1be       0x34 E:\VS\ch583_pcb\BLE\LIB\libCH58xBLE.a(sm.o)
                0x000000000000e1be                smpParseIdentityAddrInfo
 .text.smpParseIdentityInfo
                0x000000000000e1f2       0x2a E:\VS\ch583_pcb\BLE\LIB\libCH58xBLE.a(sm.o)
                0x000000000000e1f2                smpParseIdentityInfo
 .text.smpParseMasterID
                0x000000000000e21c       0x3c E:\VS\ch583_pcb\BLE\LIB\libCH58xBLE.a(sm.o)
                0x000000000000e21c                smpParseMasterID
 .text.smpParsePairingConfirm
                0x000000000000e258       0x2a E:\VS\ch583_pcb\BLE\LIB\libCH58xBLE.a(sm.o)
                0x000000000000e258                smpParsePairingConfirm
 .text.smpParsePairingFailed
                0x000000000000e282       0x1c E:\VS\ch583_pcb\BLE\LIB\libCH58xBLE.a(sm.o)
                0x000000000000e282                smpParsePairingFailed
 .text.smpParsePairingRandom
                0x000000000000e29e       0x2a E:\VS\ch583_pcb\BLE\LIB\libCH58xBLE.a(sm.o)
                0x000000000000e29e                smpParsePairingRandom
 .text.smpParseSigningInfo
                0x000000000000e2c8       0x2a E:\VS\ch583_pcb\BLE\LIB\libCH58xBLE.a(sm.o)
                0x000000000000e2c8                smpParseSigningInfo
 .text.smpParsePairingPublicKey
                0x000000000000e2f2       0x2c E:\VS\ch583_pcb\BLE\LIB\libCH58xBLE.a(sm.o)
                0x000000000000e2f2                smpParsePairingPublicKey
 .text.smpParsePairingDHKeyCheck
                0x000000000000e31e       0x2a E:\VS\ch583_pcb\BLE\LIB\libCH58xBLE.a(sm.o)
                0x000000000000e31e                smpParsePairingDHKeyCheck
 .text.smProcessDataMsg
                0x000000000000e348       0xfc E:\VS\ch583_pcb\BLE\LIB\libCH58xBLE.a(sm.o)
                0x000000000000e348                smProcessDataMsg
 .text.smProcessTMOSMsg
                0x000000000000e444      0x164 E:\VS\ch583_pcb\BLE\LIB\libCH58xBLE.a(sm.o)
                0x000000000000e444                smProcessTMOSMsg
 .text.SM_CalcRandomAddr
                0x000000000000e5a8       0x54 E:\VS\ch583_pcb\BLE\LIB\libCH58xBLE.a(sm.o)
                0x000000000000e5a8                SM_CalcRandomAddr
 .text.SM_GenerateAuthenSig
                0x000000000000e5fc       0xe6 E:\VS\ch583_pcb\BLE\LIB\libCH58xBLE.a(sm.o)
                0x000000000000e5fc                SM_GenerateAuthenSig
 .text.SM_PasskeyUpdate
                0x000000000000e6e2       0xce E:\VS\ch583_pcb\BLE\LIB\libCH58xBLE.a(sm.o)
                0x000000000000e6e2                SM_PasskeyUpdate
 .text.SM_ResolveRandomAddrs
                0x000000000000e7b0       0x5e E:\VS\ch583_pcb\BLE\LIB\libCH58xBLE.a(sm.o)
                0x000000000000e7b0                SM_ResolveRandomAddrs
 .text.SM_StartPairing
                0x000000000000e80e       0xc2 E:\VS\ch583_pcb\BLE\LIB\libCH58xBLE.a(sm.o)
                0x000000000000e80e                SM_StartPairing
 .text.SM_VerifyAuthenSig
                0x000000000000e8d0      0x150 E:\VS\ch583_pcb\BLE\LIB\libCH58xBLE.a(sm.o)
                0x000000000000e8d0                SM_VerifyAuthenSig
 .text.SM_ProcessEvent
                0x000000000000ea20       0xb4 E:\VS\ch583_pcb\BLE\LIB\libCH58xBLE.a(sm.o)
                0x000000000000ea20                SM_ProcessEvent
 .text.SM_ParamInit
                0x000000000000ead4       0x5a E:\VS\ch583_pcb\BLE\LIB\libCH58xBLE.a(sm.o)
                0x000000000000ead4                SM_ParamInit
 .text.SM_InitiatorInit
                0x000000000000eb2e       0x1e E:\VS\ch583_pcb\BLE\LIB\libCH58xBLE.a(sm.o)
                0x000000000000eb2e                SM_InitiatorInit
 .text.SM_ResponderInit
                0x000000000000eb4c       0x1e E:\VS\ch583_pcb\BLE\LIB\libCH58xBLE.a(sm.o)
                0x000000000000eb4c                SM_ResponderInit
 .text.SM_Init  0x000000000000eb6a       0x2a E:\VS\ch583_pcb\BLE\LIB\libCH58xBLE.a(sm.o)
                0x000000000000eb6a                SM_Init
 .text.smpInitiatorProcessPairingRsp
                0x000000000000eb94      0x26e E:\VS\ch583_pcb\BLE\LIB\libCH58xBLE.a(sm_initiator.o)
                0x000000000000eb94                smpInitiatorProcessPairingRsp
 .text.smInitiatorSendNextKeyInfo
                0x000000000000ee02      0x268 E:\VS\ch583_pcb\BLE\LIB\libCH58xBLE.a(sm_initiator.o)
                0x000000000000ee02                smInitiatorSendNextKeyInfo
 .text.setupInitiatorKeys
                0x000000000000f06a       0x88 E:\VS\ch583_pcb\BLE\LIB\libCH58xBLE.a(sm_initiator.o)
 .text.smpInitiatorProcessIncoming
                0x000000000000f0f2      0x410 E:\VS\ch583_pcb\BLE\LIB\libCH58xBLE.a(sm_initiator.o)
                0x000000000000f0f2                smpInitiatorProcessIncoming
 .text.smpBuildPairingReqRsp
                0x000000000000f502       0xc6 E:\VS\ch583_pcb\BLE\LIB\libCH58xBLE.a(sm_pdu.o)
 .text.smpBuildPairingReq
                0x000000000000f5c8        0xa E:\VS\ch583_pcb\BLE\LIB\libCH58xBLE.a(sm_pdu.o)
                0x000000000000f5c8                smpBuildPairingReq
 .text.smpBuildPairingRsp
                0x000000000000f5d2        0xa E:\VS\ch583_pcb\BLE\LIB\libCH58xBLE.a(sm_pdu.o)
                0x000000000000f5d2                smpBuildPairingRsp
 .text.smpBuildPairingConfirm
                0x000000000000f5dc       0x30 E:\VS\ch583_pcb\BLE\LIB\libCH58xBLE.a(sm_pdu.o)
                0x000000000000f5dc                smpBuildPairingConfirm
 .text.smpBuildPairingRandom
                0x000000000000f60c       0x30 E:\VS\ch583_pcb\BLE\LIB\libCH58xBLE.a(sm_pdu.o)
                0x000000000000f60c                smpBuildPairingRandom
 .text.smpBuildEncInfo
                0x000000000000f63c       0x30 E:\VS\ch583_pcb\BLE\LIB\libCH58xBLE.a(sm_pdu.o)
                0x000000000000f63c                smpBuildEncInfo
 .text.smpBuildMasterID
                0x000000000000f66c       0x44 E:\VS\ch583_pcb\BLE\LIB\libCH58xBLE.a(sm_pdu.o)
                0x000000000000f66c                smpBuildMasterID
 .text.smpBuildIdentityInfo
                0x000000000000f6b0       0x30 E:\VS\ch583_pcb\BLE\LIB\libCH58xBLE.a(sm_pdu.o)
                0x000000000000f6b0                smpBuildIdentityInfo
 .text.smpBuildIdentityAddrInfo
                0x000000000000f6e0       0x3a E:\VS\ch583_pcb\BLE\LIB\libCH58xBLE.a(sm_pdu.o)
                0x000000000000f6e0                smpBuildIdentityAddrInfo
 .text.smpBuildSigningInfo
                0x000000000000f71a       0x30 E:\VS\ch583_pcb\BLE\LIB\libCH58xBLE.a(sm_pdu.o)
                0x000000000000f71a                smpBuildSigningInfo
 .text.smpBuildPublicKey
                0x000000000000f74a       0x32 E:\VS\ch583_pcb\BLE\LIB\libCH58xBLE.a(sm_pdu.o)
                0x000000000000f74a                smpBuildPublicKey
 .text.smpBuildDHKey
                0x000000000000f77c       0x30 E:\VS\ch583_pcb\BLE\LIB\libCH58xBLE.a(sm_pdu.o)
                0x000000000000f77c                smpBuildDHKey
 .text.smpBuildPairingFailed
                0x000000000000f7ac       0x1a E:\VS\ch583_pcb\BLE\LIB\libCH58xBLE.a(sm_pdu.o)
                0x000000000000f7ac                smpBuildPairingFailed
 .text.smpBuildSecurityReq
                0x000000000000f7c6       0x1a E:\VS\ch583_pcb\BLE\LIB\libCH58xBLE.a(sm_pdu.o)
                0x000000000000f7c6                smpBuildSecurityReq
 .text.smGeneratePairingReq
                0x000000000000f7e0       0x30 E:\VS\ch583_pcb\BLE\LIB\libCH58xBLE.a(sm_pdu.o)
                0x000000000000f7e0                smGeneratePairingReq
 .text.smGeneratePairingRsp
                0x000000000000f810       0x30 E:\VS\ch583_pcb\BLE\LIB\libCH58xBLE.a(sm_pdu.o)
                0x000000000000f810                smGeneratePairingRsp
 .text.smGenerateConfirm
                0x000000000000f840       0x34 E:\VS\ch583_pcb\BLE\LIB\libCH58xBLE.a(sm_pdu.o)
                0x000000000000f840                smGenerateConfirm
 .text.smGenerateRandMsg
                0x000000000000f874       0x34 E:\VS\ch583_pcb\BLE\LIB\libCH58xBLE.a(sm_pdu.o)
                0x000000000000f874                smGenerateRandMsg
 .text.smGeneratePairingPublicKey
                0x000000000000f8a8       0x64 E:\VS\ch583_pcb\BLE\LIB\libCH58xBLE.a(sm_pdu.o)
                0x000000000000f8a8                smGeneratePairingPublicKey
 .text.smGeneratePairingDHKeyCheck
                0x000000000000f90c      0x250 E:\VS\ch583_pcb\BLE\LIB\libCH58xBLE.a(sm_pdu.o)
                0x000000000000f90c                smGeneratePairingDHKeyCheck
 .text.smPairingSendEncInfo
                0x000000000000fb5c       0x10 E:\VS\ch583_pcb\BLE\LIB\libCH58xBLE.a(sm_pdu.o)
                0x000000000000fb5c                smPairingSendEncInfo
 .text.smPairingSendIdentityAddrInfo
                0x000000000000fb6c       0x38 E:\VS\ch583_pcb\BLE\LIB\libCH58xBLE.a(sm_pdu.o)
                0x000000000000fb6c                smPairingSendIdentityAddrInfo
 .text.smPairingSendIdentityInfo
                0x000000000000fba4       0x10 E:\VS\ch583_pcb\BLE\LIB\libCH58xBLE.a(sm_pdu.o)
                0x000000000000fba4                smPairingSendIdentityInfo
 .text.smPairingSendMasterID
                0x000000000000fbb4       0x38 E:\VS\ch583_pcb\BLE\LIB\libCH58xBLE.a(sm_pdu.o)
                0x000000000000fbb4                smPairingSendMasterID
 .text.smPairingSendSingingInfo
                0x000000000000fbec       0x10 E:\VS\ch583_pcb\BLE\LIB\libCH58xBLE.a(sm_pdu.o)
                0x000000000000fbec                smPairingSendSingingInfo
 .text.smResponderSendNextKeyInfo
                0x000000000000fbfc      0x2ea E:\VS\ch583_pcb\BLE\LIB\libCH58xBLE.a(sm_responding.o)
                0x000000000000fbfc                smResponderSendNextKeyInfo
 .text.smResponderProcessLTKReq
                0x000000000000fee6      0x1b6 E:\VS\ch583_pcb\BLE\LIB\libCH58xBLE.a(sm_responding.o)
                0x000000000000fee6                smResponderProcessLTKReq
 .text.smpResponderProcessIncoming
                0x000000000001009c      0x6e0 E:\VS\ch583_pcb\BLE\LIB\libCH58xBLE.a(sm_responding.o)
                0x000000000001009c                smpResponderProcessIncoming
 .text.xor_128  0x000000000001077c       0x28 E:\VS\ch583_pcb\BLE\LIB\libCH58xBLE.a(sm_toolbox.o)
                0x000000000001077c                xor_128
 .text.leftshift_onebit
                0x00000000000107a4       0x2e E:\VS\ch583_pcb\BLE\LIB\libCH58xBLE.a(sm_toolbox.o)
                0x00000000000107a4                leftshift_onebit
 .text.padding  0x00000000000107d2       0x38 E:\VS\ch583_pcb\BLE\LIB\libCH58xBLE.a(sm_toolbox.o)
                0x00000000000107d2                padding
 .text.generate_subkey
                0x000000000001080a       0xd4 E:\VS\ch583_pcb\BLE\LIB\libCH58xBLE.a(sm_toolbox.o)
                0x000000000001080a                generate_subkey
 .text.sm_xor   0x00000000000108de       0x24 E:\VS\ch583_pcb\BLE\LIB\libCH58xBLE.a(sm_toolbox.o)
                0x00000000000108de                sm_xor
 .text.sm_ah    0x0000000000010902       0x90 E:\VS\ch583_pcb\BLE\LIB\libCH58xBLE.a(sm_toolbox.o)
                0x0000000000010902                sm_ah
 .text.sm_c1new
                0x0000000000010992      0x144 E:\VS\ch583_pcb\BLE\LIB\libCH58xBLE.a(sm_toolbox.o)
                0x0000000000010992                sm_c1new
 .text.sm_s1    0x0000000000010ad6       0x96 E:\VS\ch583_pcb\BLE\LIB\libCH58xBLE.a(sm_toolbox.o)
                0x0000000000010ad6                sm_s1
 .text.sm_CMAC  0x0000000000010b6c      0x172 E:\VS\ch583_pcb\BLE\LIB\libCH58xBLE.a(sm_toolbox.o)
                0x0000000000010b6c                sm_CMAC
 .text.HOST_LE_ConnectionCompleteEvent
                0x0000000000010cde       0xca E:\VS\ch583_pcb\BLE\LIB\libCH58xBLE.a(host_input.o)
                0x0000000000010cde                HOST_LE_ConnectionCompleteEvent
 .text.HOST_LE_ConnectionUpdateCompleteEvent
                0x0000000000010da8       0x60 E:\VS\ch583_pcb\BLE\LIB\libCH58xBLE.a(host_input.o)
                0x0000000000010da8                HOST_LE_ConnectionUpdateCompleteEvent
 .text.HOST_LE_ReadRemoteUsedFeaturesCompleteEvent
                0x0000000000010e08       0x66 E:\VS\ch583_pcb\BLE\LIB\libCH58xBLE.a(host_input.o)
                0x0000000000010e08                HOST_LE_ReadRemoteUsedFeaturesCompleteEvent
 .text.HOST_LE_LongTermKeyRequestEvent
                0x0000000000010e6e       0x64 E:\VS\ch583_pcb\BLE\LIB\libCH58xBLE.a(host_input.o)
                0x0000000000010e6e                HOST_LE_LongTermKeyRequestEvent
 .text.HOST_LE_RemoteConnectionParameterRequestEvent
                0x0000000000010ed2       0x60 E:\VS\ch583_pcb\BLE\LIB\libCH58xBLE.a(host_input.o)
                0x0000000000010ed2                HOST_LE_RemoteConnectionParameterRequestEvent
 .text.HOST_RemoteConnectionParameterRequestEvent
                0x0000000000010f32       0x42 E:\VS\ch583_pcb\BLE\LIB\libCH58xBLE.a(host_input.o)
                0x0000000000010f32                HOST_RemoteConnectionParameterRequestEvent
 .text.HOST_LE_DataLengthChangeEvent
                0x0000000000010f74       0x60 E:\VS\ch583_pcb\BLE\LIB\libCH58xBLE.a(host_input.o)
                0x0000000000010f74                HOST_LE_DataLengthChangeEvent
 .text.HOST_LE_EnhancedConnectionCompleteEvent
                0x0000000000010fd4      0x128 E:\VS\ch583_pcb\BLE\LIB\libCH58xBLE.a(host_input.o)
                0x0000000000010fd4                HOST_LE_EnhancedConnectionCompleteEvent
 .text.HOST_LE_PHYUpdateCompleteReportEvent
                0x00000000000110fc       0x58 E:\VS\ch583_pcb\BLE\LIB\libCH58xBLE.a(host_input.o)
                0x00000000000110fc                HOST_LE_PHYUpdateCompleteReportEvent
 .text.HOST_LE_PeriodicAdvertisingSyncEstablishedEvent
                0x0000000000011154       0x9c E:\VS\ch583_pcb\BLE\LIB\libCH58xBLE.a(host_input.o)
                0x0000000000011154                HOST_LE_PeriodicAdvertisingSyncEstablishedEvent
 .text.HOST_LE_PeriodicAdvertisingSyncLostEvent
                0x00000000000111f0       0x40 E:\VS\ch583_pcb\BLE\LIB\libCH58xBLE.a(host_input.o)
                0x00000000000111f0                HOST_LE_PeriodicAdvertisingSyncLostEvent
 .text.HOST_LE_ScanTimeoutEvent
                0x0000000000011230       0x3a E:\VS\ch583_pcb\BLE\LIB\libCH58xBLE.a(host_input.o)
                0x0000000000011230                HOST_LE_ScanTimeoutEvent
 .text.HOST_LE_AdvertisingSetTerminatedEvent
                0x000000000001126a       0x58 E:\VS\ch583_pcb\BLE\LIB\libCH58xBLE.a(host_input.o)
                0x000000000001126a                HOST_LE_AdvertisingSetTerminatedEvent
 .text.HOST_LE_ScanRequestReceivedEvent
                0x00000000000112c2       0x6c E:\VS\ch583_pcb\BLE\LIB\libCH58xBLE.a(host_input.o)
                0x00000000000112c2                HOST_LE_ScanRequestReceivedEvent
 .text.HOST_LE_ChannelSelectionAlgorithmEvent
                0x000000000001132e       0x48 E:\VS\ch583_pcb\BLE\LIB\libCH58xBLE.a(host_input.o)
                0x000000000001132e                HOST_LE_ChannelSelectionAlgorithmEvent
 .text.HOST_DisconnectionCompleteEvent
                0x0000000000011376       0x48 E:\VS\ch583_pcb\BLE\LIB\libCH58xBLE.a(host_input.o)
                0x0000000000011376                HOST_DisconnectionCompleteEvent
 .text.HOST_EncryptionChangeEvent
                0x00000000000113be       0x50 E:\VS\ch583_pcb\BLE\LIB\libCH58xBLE.a(host_input.o)
                0x00000000000113be                HOST_EncryptionChangeEvent
 .text.HOST_ReadRemoteVersionInfoEvent
                0x000000000001140e       0x5a E:\VS\ch583_pcb\BLE\LIB\libCH58xBLE.a(host_input.o)
                0x000000000001140e                HOST_ReadRemoteVersionInfoEvent
 .text.HOST_CommandCompleteEvent
                0x0000000000011468       0x62 E:\VS\ch583_pcb\BLE\LIB\libCH58xBLE.a(host_input.o)
                0x0000000000011468                HOST_CommandCompleteEvent
 .text.HOST_CommandStatusEvent